May 16 12:55:07 workstation kernel: [  413.866351] usb 1-1: USB disconnect, device number 19
May 16 12:55:07 workstation kernel: [  414.205866] usb 1-1: new high-speed USB device number 20 using xhci_hcd
May 16 12:55:07 workstation kernel: [  414.334155] usb 1-1: Device not responding to setup address.
May 16 12:55:07 workstation kernel: [  414.541888] usb 1-1: Device not responding to setup address.
May 16 12:55:08 workstation kernel: [  414.749851] usb 1-1: device not accepting address 20, error -71
May 16 12:55:08 workstation kernel: [  415.085858] usb 1-1: new high-speed USB device number 21 using xhci_hcd
May 16 12:55:08 workstation kernel: [  415.236707] usb 1-1: New USB device found, idVendor=8564, idProduct=1000, bcdDevice=11.00
May 16 12:55:08 workstation kernel: [  415.236713] usb 1-1: New USB device strings: Mfr=1, Product=2, SerialNumber=3
May 16 12:55:08 workstation kernel: [  415.236717] usb 1-1: Product: Mass Storage Device
May 16 12:55:08 workstation kernel: [  415.236720] usb 1-1: SerialNumber: 64WKOHB7I06GA2O6
May 16 12:55:08 workstation kernel: [  415.238196] usb-storage 1-1:1.0: USB Mass Storage device detected
May 16 12:55:08 workstation kernel: [  415.238811] scsi host4: usb-storage 1-1:1.0
May 16 12:55:09 workstation kernel: [  416.455747] scsi 4:0:0:0: Direct-Access     JetFlash Transcend 8GB    1100 PQ: 0 ANSI: 4
May 16 12:55:09 workstation kernel: [  416.456463] sd 4:0:0:0: Attached scsi generic sg1 type 0
May 16 12:55:09 workstation kernel: [  416.456755] sd 4:0:0:0: [sdb] 15814656 512-byte logical blocks: (8.10 GB/7.54 GiB)
May 16 12:55:09 workstation kernel: [  416.457386] sd 4:0:0:0: [sdb] Write Protect is off
May 16 12:55:09 workstation kernel: [  416.457393] sd 4:0:0:0: [sdb] Mode Sense: 43 00 00 00
May 16 12:55:09 workstation kernel: [  416.458229] sd 4:0:0:0: [sdb] No Caching mode page found
May 16 12:55:09 workstation kernel: [  416.458242] sd 4:0:0:0: [sdb] Assuming drive cache: write through
May 16 12:55:09 workstation kernel: [  416.489044] GPT:Primary header thinks Alt. header is not at the end of the disk.
May 16 12:55:09 workstation kernel: [  416.489047] GPT:11942687 != 15814655
May 16 12:55:09 workstation kernel: [  416.489048] GPT:Alternate GPT header not at the end of the disk.
May 16 12:55:09 workstation kernel: [  416.489049] GPT:11942687 != 15814655
May 16 12:55:09 workstation kernel: [  416.489050] GPT: Use GNU Parted to correct GPT errors.
May 16 12:55:09 workstation kernel: [  416.489063]  sdb: sdb1 sdb2 sdb3
May 16 12:55:09 workstation kernel: [  416.503746] sd 4:0:0:0: [sdb] Attached SCSI removable disk
May 16 12:55:10 workstation kernel: [  416.654228] usb 1-1: reset high-speed USB device number 21 using xhci_hcd
May 16 12:55:11 workstation kernel: [  417.878012] usb 1-1: device descriptor read/64, error -71
May 16 12:55:27 workstation kernel: [  433.798022] usb 1-1: device descriptor read/64, error -110
May 16 12:55:27 workstation kernel: [  434.033915] usb 1-1: reset high-speed USB device number 21 using xhci_hcd
May 16 12:55:27 workstation kernel: [  434.277822] usb 1-1: device descriptor read/64, error -71
May 16 12:55:27 workstation kernel: [  434.513929] usb 1-1: device descriptor read/64, error -71
May 16 12:55:28 workstation kernel: [  434.750019] usb 1-1: reset high-speed USB device number 21 using xhci_hcd
May 16 12:55:28 workstation kernel: [  435.504509] usb 1-1: Device not responding to setup address.
May 16 12:55:29 workstation kernel: [  435.710017] usb 1-1: Device not responding to setup address.
May 16 12:55:29 workstation kernel: [  435.917856] usb 1-1: device not accepting address 21, error -71
May 16 12:55:30 workstation kernel: [  436.669856] usb 1-1: reset high-speed USB device number 21 using xhci_hcd
May 16 12:55:30 workstation kernel: [  436.706248] usb 1-1: Device not responding to setup address.
May 16 12:55:30 workstation kernel: [  436.914892] usb 1-1: Device not responding to setup address.
May 16 12:55:30 workstation kernel: [  437.121852] usb 1-1: device not accepting address 21, error -71
May 16 12:55:30 workstation kernel: [  437.121937] sd 4:0:0:0: [sdb] tag#0 FAILED Result: hostbyte=DID_ERROR driverbyte=DRIVER_OK
May 16 12:55:30 workstation kernel: [  437.121943] sd 4:0:0:0: [sdb] tag#0 CDB: Read(10) 28 00 00 00 00 40 00 00 38 00
May 16 12:55:30 workstation kernel: [  437.121949] blk_update_request: I/O error, dev sdb, sector 64 op 0x0:(READ) flags 0x80700 phys_seg 7 prio class 0
May 16 12:55:30 workstation kernel: [  437.122007] usb 1-1: USB disconnect, device number 21
May 16 12:55:30 workstation kernel: [  437.122093] sd 4:0:0:0: [sdb] tag#0 FAILED Result: hostbyte=DID_ERROR driverbyte=DRIVER_OK
May 16 12:55:30 workstation kernel: [  437.122105] sd 4:0:0:0: [sdb] tag#0 CDB: Read(10) 28 00 00 00 00 80 00 00 90 00
May 16 12:55:30 workstation kernel: [  437.122111] blk_update_request: I/O error, dev sdb, sector 128 op 0x0:(READ) flags 0x80700 phys_seg 17 prio class 0
May 16 12:55:30 workstation kernel: [  437.137881] blk_update_request: I/O error, dev sdb, sector 64 op 0x0:(READ) flags 0x0 phys_seg 1 prio class 0
May 16 12:55:30 workstation kernel: [  437.137891] Buffer I/O error on dev sdb, logical block 8, async page read
May 16 12:55:30 workstation kernel: [  437.138803] blk_update_request: I/O error, dev sdb, sector 128 op 0x0:(READ) flags 0x0 phys_seg 1 prio class 0
May 16 12:55:30 workstation kernel: [  437.138815] Buffer I/O error on dev sdb, logical block 16, async page read
May 16 12:55:30 workstation kernel: [  437.573854] usb 1-1: new high-speed USB device number 22 using xhci_hcd
May 16 12:55:36 workstation kernel: [  443.141856] usb 1-1: new full-speed USB device number 23 using xhci_hcd
May 16 12:55:36 workstation kernel: [  443.269868] usb 1-1: device descriptor read/64, error -71
May 16 12:55:36 workstation kernel: [  443.509794] usb 1-1: device descriptor read/64, error -71
May 16 12:55:36 workstation kernel: [  443.617890] usb usb1-port1: attempt power cycle
May 16 12:55:37 workstation kernel: [  444.029868] usb 1-1: new full-speed USB device number 24 using xhci_hcd
May 16 12:55:37 workstation kernel: [  444.030183] usb 1-1: Device not responding to setup address.
May 16 12:55:37 workstation kernel: [  444.238171] usb 1-1: Device not responding to setup address.
May 16 12:55:37 workstation kernel: [  444.445855] usb 1-1: device not accepting address 24, error -71
May 16 12:55:37 workstation kernel: [  444.573859] usb 1-1: new full-speed USB device number 25 using xhci_hcd
May 16 12:55:37 workstation kernel: [  444.574172] usb 1-1: Device not responding to setup address.
May 16 12:55:38 workstation kernel: [  444.782169] usb 1-1: Device not responding to setup address.
May 16 12:55:38 workstation kernel: [  444.989889] usb 1-1: device not accepting address 25, error -71
May 16 12:55:38 workstation kernel: [  444.989993] usb usb1-port1: unable to enumerate USB device
May 16 12:56:08 workstation kernel: [  474.749855] usb 1-1: new full-speed USB device number 26 using xhci_hcd
May 16 12:56:08 workstation kernel: [  474.877871] usb 1-1: device descriptor read/64, error -71
May 16 12:56:08 workstation kernel: [  475.113876] usb 1-1: device descriptor read/64, error -71
May 16 12:56:08 workstation kernel: [  475.349863] usb 1-1: new full-speed USB device number 27 using xhci_hcd
May 16 12:56:08 workstation kernel: [  475.477875] usb 1-1: device descriptor read/64, error -71
May 16 12:56:09 workstation kernel: [  475.713767] usb 1-1: device descriptor read/64, error -71
May 16 12:56:09 workstation kernel: [  475.821958] usb usb1-port1: attempt power cycle
May 16 12:56:09 workstation kernel: [  476.441863] usb 1-1: new high-speed USB device number 28 using xhci_hcd
May 16 12:56:09 workstation kernel: [  476.462733] usb 1-1: device descriptor read/8, error -71
May 16 12:56:09 workstation kernel: [  476.591699] usb 1-1: unable to read config index 0 descriptor/start: -71
May 16 12:56:09 workstation kernel: [  476.591708] usb 1-1: can't read configurations, error -71
May 16 12:56:10 workstation kernel: [  476.717861] usb 1-1: new high-speed USB device number 29 using xhci_hcd
May 16 12:56:10 workstation kernel: [  476.738693] usb 1-1: device descriptor read/8, error -71
May 16 12:56:10 workstation kernel: [  476.867741] usb 1-1: unable to read config index 0 descriptor/start: -71
May 16 12:56:10 workstation kernel: [  476.867750] usb 1-1: can't read configurations, error -71
May 16 12:56:10 workstation kernel: [  476.867861] usb usb1-port1: unable to enumerate USB device
May 16 13:11:34 workstation kernel: [    0.000000] microcode: microcode updated early to revision 0x2f, date = 2019-11-12
May 16 13:11:34 workstation kernel: [    0.000000] Linux version 5.4.0-150-generic (buildd@bos03-amd64-012) (gcc version 7.5.0 (Ubuntu 7.5.0-3ubuntu1~18.04)) #167~18.04.1-Ubuntu SMP Wed May 24 00:51:42 UTC 2023 (Ubuntu 5.4.0-150.167~18.04.1-generic 5.4.233)
May 16 13:11:34 workstation kernel: [    0.000000] Command line: BOOT_IMAGE=/boot/vmlinuz-5.4.0-150-generic root=UUID=31133fae-f058-440e-a763-cf169a6faeff ro quiet splash vt.handoff=1
May 16 13:11:34 workstation kernel: [    0.000000] KERNEL supported cpus:
May 16 13:11:34 workstation kernel: [    0.000000]   Intel GenuineIntel
May 16 13:11:34 workstation kernel: [    0.000000]   AMD AuthenticAMD
May 16 13:11:34 workstation kernel: [    0.000000]   Hygon HygonGenuine
May 16 13:11:34 workstation kernel: [    0.000000]   Centaur CentaurHauls
May 16 13:11:34 workstation kernel: [    0.000000]   zhaoxin   Shanghai  
May 16 13:11:34 workstation kernel: [    0.000000] x86/fpu: Supporting XSAVE feature 0x001: 'x87 floating point registers'
May 16 13:11:34 workstation kernel: [    0.000000] x86/fpu: Supporting XSAVE feature 0x002: 'SSE registers'
May 16 13:11:34 workstation kernel: [    0.000000] x86/fpu: Supporting XSAVE feature 0x004: 'AVX registers'
May 16 13:11:34 workstation kernel: [    0.000000] x86/fpu: xstate_offset[2]:  576, xstate_sizes[2]:  256
May 16 13:11:34 workstation kernel: [    0.000000] x86/fpu: Enabled xstate features 0x7, context size is 832 bytes, using 'standard' format.
May 16 13:11:34 workstation kernel: [    0.000000] BIOS-provided physical RAM map:
May 16 13:11:34 workstation kernel: [    0.000000] BIOS-e820: [mem 0x0000000000000000-0x000000000009e7ff] usable
May 16 13:11:34 workstation kernel: [    0.000000] BIOS-e820: [mem 0x000000000009e800-0x000000000009ffff] reserved
May 16 13:11:34 workstation kernel: [    0.000000] BIOS-e820: [mem 0x00000000000e0000-0x00000000000fffff] reserved
May 16 13:11:34 workstation kernel: [    0.000000] BIOS-e820: [mem 0x0000000000100000-0x0000000096f79fff] usable
May 16 13:11:34 workstation kernel: [    0.000000] BIOS-e820: [mem 0x0000000096f7a000-0x0000000097879fff] reserved
May 16 13:11:34 workstation kernel: [    0.000000] BIOS-e820: [mem 0x000000009787a000-0x000000009c98efff] usable
May 16 13:11:34 workstation kernel: [    0.000000] BIOS-e820: [mem 0x000000009c98f000-0x000000009ce7efff] reserved
May 16 13:11:34 workstation kernel: [    0.000000] BIOS-e820: [mem 0x000000009ce7f000-0x000000009cf7efff] ACPI NVS
May 16 13:11:34 workstation kernel: [    0.000000] BIOS-e820: [mem 0x000000009cf7f000-0x000000009cffefff] ACPI data
May 16 13:11:34 workstation kernel: [    0.000000] BIOS-e820: [mem 0x000000009cfff000-0x000000009cffffff] usable
May 16 13:11:34 workstation kernel: [    0.000000] BIOS-e820: [mem 0x000000009d000000-0x000000009fffffff] reserved
May 16 13:11:34 workstation kernel: [    0.000000] BIOS-e820: [mem 0x00000000e0000000-0x00000000efffffff] reserved
May 16 13:11:34 workstation kernel: [    0.000000] BIOS-e820: [mem 0x00000000feb00000-0x00000000feb03fff] reserved
May 16 13:11:34 workstation kernel: [    0.000000] BIOS-e820: [mem 0x00000000fec00000-0x00000000fec00fff] reserved
May 16 13:11:34 workstation kernel: [    0.000000] BIOS-e820: [mem 0x00000000fed10000-0x00000000fed19fff] reserved
May 16 13:11:34 workstation kernel: [    0.000000] BIOS-e820: [mem 0x00000000fed1c000-0x00000000fed1ffff] reserved
May 16 13:11:34 workstation kernel: [    0.000000] BIOS-e820: [mem 0x00000000fee00000-0x00000000fee00fff] reserved
May 16 13:11:34 workstation kernel: [    0.000000] BIOS-e820: [mem 0x00000000ffa00000-0x00000000ffffffff] reserved
May 16 13:11:34 workstation kernel: [    0.000000] BIOS-e820: [mem 0x0000000100000000-0x000000015effffff] usable
May 16 13:11:34 workstation kernel: [    0.000000] NX (Execute Disable) protection: active
May 16 13:11:34 workstation kernel: [    0.000000] SMBIOS 2.7 present.
May 16 13:11:34 workstation kernel: [    0.000000] DMI: LENOVO 80E5/Lenovo G50-80, BIOS B0CN96WW 09/22/2015
May 16 13:11:34 workstation kernel: [    0.000000] tsc: Fast TSC calibration using PIT
May 16 13:11:34 workstation kernel: [    0.000000] tsc: Detected 2095.244 MHz processor
May 16 13:11:34 workstation kernel: [    0.002748] e820: update [mem 0x00000000-0x00000fff] usable ==> reserved
May 16 13:11:34 workstation kernel: [    0.002750] e820: remove [mem 0x000a0000-0x000fffff] usable
May 16 13:11:34 workstation kernel: [    0.002758] last_pfn = 0x15f000 max_arch_pfn = 0x400000000
May 16 13:11:34 workstation kernel: [    0.002762] MTRR default type: uncachable
May 16 13:11:34 workstation kernel: [    0.002763] MTRR fixed ranges enabled:
May 16 13:11:34 workstation kernel: [    0.002764]   00000-9FFFF write-back
May 16 13:11:34 workstation kernel: [    0.002765]   A0000-BFFFF uncachable
May 16 13:11:34 workstation kernel: [    0.002766]   C0000-E7FFF write-protect
May 16 13:11:34 workstation kernel: [    0.002767]   E8000-EFFFF write-combining
May 16 13:11:34 workstation kernel: [    0.002768]   F0000-FFFFF write-protect
May 16 13:11:34 workstation kernel: [    0.002769] MTRR variable ranges enabled:
May 16 13:11:34 workstation kernel: [    0.002770]   0 base 0000000000 mask 7F80000000 write-back
May 16 13:11:34 workstation kernel: [    0.002772]   1 base 0080000000 mask 7FE0000000 write-back
May 16 13:11:34 workstation kernel: [    0.002773]   2 base 009D000000 mask 7FFF000000 uncachable
May 16 13:11:34 workstation kernel: [    0.002774]   3 base 009E000000 mask 7FFE000000 uncachable
May 16 13:11:34 workstation kernel: [    0.002774]   4 base 00FFA00000 mask 7FFFE00000 write-protect
May 16 13:11:34 workstation kernel: [    0.002775]   5 base 00FFC00000 mask 7FFFC00000 write-protect
May 16 13:11:34 workstation kernel: [    0.002776]   6 base 0100000000 mask 7F80000000 write-back
May 16 13:11:34 workstation kernel: [    0.002777]   7 base 015F000000 mask 7FFF000000 uncachable
May 16 13:11:34 workstation kernel: [    0.002778]   8 base 0160000000 mask 7FE0000000 uncachable
May 16 13:11:34 workstation kernel: [    0.002779]   9 disabled
May 16 13:11:34 workstation kernel: [    0.003134] x86/PAT: Configuration [0-7]: WB  WC  UC- UC  WB  WP  UC- WT  
May 16 13:11:34 workstation kernel: [    0.003297] last_pfn = 0x9d000 max_arch_pfn = 0x400000000
May 16 13:11:34 workstation kernel: [    0.013313] found SMP MP-table at [mem 0x000fe1b0-0x000fe1bf]
May 16 13:11:34 workstation kernel: [    0.013678] check: Scanning 1 areas for low memory corruption
May 16 13:11:34 workstation kernel: [    0.013682] Using GB pages for direct mapping
May 16 13:11:34 workstation kernel: [    0.014223] RAMDISK: [mem 0x328f1000-0x3546ffff]
May 16 13:11:34 workstation kernel: [    0.014229] ACPI: Early table checksum verification disabled
May 16 13:11:34 workstation kernel: [    0.014232] ACPI: RSDP 0x00000000000FE020 000024 (v02 LENOVO)
May 16 13:11:34 workstation kernel: [    0.014236] ACPI: XSDT 0x000000009CFD0188 0000C4 (v01 LENOVO CB-01    00000001      01000013)
May 16 13:11:34 workstation kernel: [    0.014241] ACPI: FACP 0x000000009CFF6000 00010C (v05 LENOVO CB-01    00000001 ACPI 00040000)
May 16 13:11:34 workstation kernel: [    0.014247] ACPI: DSDT 0x000000009CFE1000 00FE68 (v02 LENOVO CB-01    00000001 ACPI 00040000)
May 16 13:11:34 workstation kernel: [    0.014251] ACPI: FACS 0x000000009CF7A000 000040
May 16 13:11:34 workstation kernel: [    0.014253] ACPI: UEFI 0x000000009CFFC000 000042 (v01 LENOVO CB-01    00000001 ACPI 00040000)
May 16 13:11:34 workstation kernel: [    0.014257] ACPI: ASF! 0x000000009CFFA000 0000A5 (v32 LENOVO CB-01    00000001 ACPI 00040000)
May 16 13:11:34 workstation kernel: [    0.014260] ACPI: BOOT 0x000000009CFF8000 000028 (v01 LENOVO CB-01    00000001 ACPI 00040000)
May 16 13:11:34 workstation kernel: [    0.014263] ACPI: LPIT 0x000000009CFF4000 000094 (v01 LENOVO CB-01    00000001 ACPI 00040000)
May 16 13:11:34 workstation kernel: [    0.014266] ACPI: MCFG 0x000000009CFF2000 00003C (v01 LENOVO CB-01    00000001 ACPI 00040000)
May 16 13:11:34 workstation kernel: [    0.014268] ACPI: SSDT 0x000000009CFDB000 000B74 (v02 LENOVO CB-01    00000001 ACPI 00040000)
May 16 13:11:34 workstation kernel: [    0.014271] ACPI: UEFI 0x000000009CFFD000 000236 (v01 LENOVO CB-01    00000001 ACPI 00040000)
May 16 13:11:34 workstation kernel: [    0.014274] ACPI: ASPT 0x000000009CFF9000 000034 (v07 LENOVO CB-01    00000001 ACPI 00040000)
May 16 13:11:34 workstation kernel: [    0.014277] ACPI: HPET 0x000000009CFF5000 000038 (v01 LENOVO CB-01    00000001 ACPI 00040000)
May 16 13:11:34 workstation kernel: [    0.014280] ACPI: WDAT 0x000000009CFF1000 000224 (v01 LENOVO CB-01    00000001 ACPI 00040000)
May 16 13:11:34 workstation kernel: [    0.014283] ACPI: SSDT 0x000000009CFDC000 000539 (v02 LENOVO CB-01    00000001 ACPI 00040000)
May 16 13:11:34 workstation kernel: [    0.014286] ACPI: POAT 0x000000009CFFB000 000055 (v03 LENOVO CB-01    00000001 ACPI 00040000)
May 16 13:11:34 workstation kernel: [    0.014289] ACPI: APIC 0x000000009CFF3000 00008C (v03 LENOVO CB-01    00000001 ACPI 00040000)
May 16 13:11:34 workstation kernel: [    0.014292] ACPI: SSDT 0x000000009CFD5000 005AC3 (v02 LENOVO CB-01    00000001 ACPI 00040000)
May 16 13:11:34 workstation kernel: [    0.014295] ACPI: SSDT 0x000000009CFDD000 00342F (v02 LENOVO CB-01    00000001 ACPI 00040000)
May 16 13:11:34 workstation kernel: [    0.014298] ACPI: DBGP 0x000000009CFF7000 000034 (v01 LENOVO CB-01    00000001 ACPI 00040000)
May 16 13:11:34 workstation kernel: [    0.014301] ACPI: DMAR 0x000000009CFD4000 0000F0 (v01 LENOVO CB-01    00000001 ACPI 00040000)
May 16 13:11:34 workstation kernel: [    0.014304] ACPI: CSRT 0x000000009CFD3000 0000C4 (v01 LENOVO CB-01    00000001 ACPI 00040000)
May 16 13:11:34 workstation kernel: [    0.014307] ACPI: FPDT 0x000000009CFD2000 000044 (v01 LENOVO CB-01    00000001 ACPI 00040000)
May 16 13:11:34 workstation kernel: [    0.014310] ACPI: Reserving FACP table memory at [mem 0x9cff6000-0x9cff610b]
May 16 13:11:34 workstation kernel: [    0.014311] ACPI: Reserving DSDT table memory at [mem 0x9cfe1000-0x9cff0e67]
May 16 13:11:34 workstation kernel: [    0.014312] ACPI: Reserving FACS table memory at [mem 0x9cf7a000-0x9cf7a03f]
May 16 13:11:34 workstation kernel: [    0.014313] ACPI: Reserving UEFI table memory at [mem 0x9cffc000-0x9cffc041]
May 16 13:11:34 workstation kernel: [    0.014314] ACPI: Reserving ASF! table memory at [mem 0x9cffa000-0x9cffa0a4]
May 16 13:11:34 workstation kernel: [    0.014314] ACPI: Reserving BOOT table memory at [mem 0x9cff8000-0x9cff8027]
May 16 13:11:34 workstation kernel: [    0.014315] ACPI: Reserving LPIT table memory at [mem 0x9cff4000-0x9cff4093]
May 16 13:11:34 workstation kernel: [    0.014316] ACPI: Reserving MCFG table memory at [mem 0x9cff2000-0x9cff203b]
May 16 13:11:34 workstation kernel: [    0.014317] ACPI: Reserving SSDT table memory at [mem 0x9cfdb000-0x9cfdbb73]
May 16 13:11:34 workstation kernel: [    0.014318] ACPI: Reserving UEFI table memory at [mem 0x9cffd000-0x9cffd235]
May 16 13:11:34 workstation kernel: [    0.014319] ACPI: Reserving ASPT table memory at [mem 0x9cff9000-0x9cff9033]
May 16 13:11:34 workstation kernel: [    0.014320] ACPI: Reserving HPET table memory at [mem 0x9cff5000-0x9cff5037]
May 16 13:11:34 workstation kernel: [    0.014320] ACPI: Reserving WDAT table memory at [mem 0x9cff1000-0x9cff1223]
May 16 13:11:34 workstation kernel: [    0.014321] ACPI: Reserving SSDT table memory at [mem 0x9cfdc000-0x9cfdc538]
May 16 13:11:34 workstation kernel: [    0.014322] ACPI: Reserving POAT table memory at [mem 0x9cffb000-0x9cffb054]
May 16 13:11:34 workstation kernel: [    0.014323] ACPI: Reserving APIC table memory at [mem 0x9cff3000-0x9cff308b]
May 16 13:11:34 workstation kernel: [    0.014324] ACPI: Reserving SSDT table memory at [mem 0x9cfd5000-0x9cfdaac2]
May 16 13:11:34 workstation kernel: [    0.014325] ACPI: Reserving SSDT table memory at [mem 0x9cfdd000-0x9cfe042e]
May 16 13:11:34 workstation kernel: [    0.014326] ACPI: Reserving DBGP table memory at [mem 0x9cff7000-0x9cff7033]
May 16 13:11:34 workstation kernel: [    0.014327] ACPI: Reserving DMAR table memory at [mem 0x9cfd4000-0x9cfd40ef]
May 16 13:11:34 workstation kernel: [    0.014328] ACPI: Reserving CSRT table memory at [mem 0x9cfd3000-0x9cfd30c3]
May 16 13:11:34 workstation kernel: [    0.014328] ACPI: Reserving FPDT table memory at [mem 0x9cfd2000-0x9cfd2043]
May 16 13:11:34 workstation kernel: [    0.014338] ACPI: Local APIC address 0xfee00000
May 16 13:11:34 workstation kernel: [    0.014435] No NUMA configuration found
May 16 13:11:34 workstation kernel: [    0.014436] Faking a node at [mem 0x0000000000000000-0x000000015effffff]
May 16 13:11:34 workstation kernel: [    0.014449] NODE_DATA(0) allocated [mem 0x15efd3000-0x15effdfff]
May 16 13:11:34 workstation kernel: [    0.014729] Zone ranges:
May 16 13:11:34 workstation kernel: [    0.014730]   DMA      [mem 0x0000000000001000-0x0000000000ffffff]
May 16 13:11:34 workstation kernel: [    0.014731]   DMA32    [mem 0x0000000001000000-0x00000000ffffffff]
May 16 13:11:34 workstation kernel: [    0.014732]   Normal   [mem 0x0000000100000000-0x000000015effffff]
May 16 13:11:34 workstation kernel: [    0.014733]   Device   empty
May 16 13:11:34 workstation kernel: [    0.014734] Movable zone start for each node
May 16 13:11:34 workstation kernel: [    0.014738] Early memory node ranges
May 16 13:11:34 workstation kernel: [    0.014739]   node   0: [mem 0x0000000000001000-0x000000000009dfff]
May 16 13:11:34 workstation kernel: [    0.014740]   node   0: [mem 0x0000000000100000-0x0000000096f79fff]
May 16 13:11:34 workstation kernel: [    0.014741]   node   0: [mem 0x000000009787a000-0x000000009c98efff]
May 16 13:11:34 workstation kernel: [    0.014742]   node   0: [mem 0x000000009cfff000-0x000000009cffffff]
May 16 13:11:34 workstation kernel: [    0.014743]   node   0: [mem 0x0000000100000000-0x000000015effffff]
May 16 13:11:34 workstation kernel: [    0.015039] Zeroed struct page in unavailable ranges: 20435 pages
May 16 13:11:34 workstation kernel: [    0.015040] Initmem setup node 0 [mem 0x0000000000001000-0x000000015effffff]
May 16 13:11:34 workstation kernel: [    0.015042] On node 0 totalpages: 1028141
May 16 13:11:34 workstation kernel: [    0.015043]   DMA zone: 64 pages used for memmap
May 16 13:11:34 workstation kernel: [    0.015044]   DMA zone: 21 pages reserved
May 16 13:11:34 workstation kernel: [    0.015045]   DMA zone: 3997 pages, LIFO batch:0
May 16 13:11:34 workstation kernel: [    0.015107]   DMA32 zone: 9923 pages used for memmap
May 16 13:11:34 workstation kernel: [    0.015107]   DMA32 zone: 635024 pages, LIFO batch:63
May 16 13:11:34 workstation kernel: [    0.027317]   Normal zone: 6080 pages used for memmap
May 16 13:11:34 workstation kernel: [    0.027319]   Normal zone: 389120 pages, LIFO batch:63
May 16 13:11:34 workstation kernel: [    0.033248] Reserving Intel graphics memory at [mem 0x9e000000-0x9fffffff]
May 16 13:11:34 workstation kernel: [    0.033320] ACPI: PM-Timer IO Port: 0x1808
May 16 13:11:34 workstation kernel: [    0.033322] ACPI: Local APIC address 0xfee00000
May 16 13:11:34 workstation kernel: [    0.033340] IOAPIC[0]: apic_id 2, version 32, address 0xfec00000, GSI 0-39
May 16 13:11:34 workstation kernel: [    0.033342] ACPI: INT_SRC_OVR (bus 0 bus_irq 0 global_irq 2 dfl dfl)
May 16 13:11:34 workstation kernel: [    0.033344] ACPI: INT_SRC_OVR (bus 0 bus_irq 9 global_irq 9 high level)
May 16 13:11:34 workstation kernel: [    0.033346] ACPI: IRQ0 used by override.
May 16 13:11:34 workstation kernel: [    0.033347] ACPI: IRQ9 used by override.
May 16 13:11:34 workstation kernel: [    0.033349] Using ACPI (MADT) for SMP configuration information
May 16 13:11:34 workstation kernel: [    0.033350] ACPI: HPET id: 0x8086a201 base: 0xfed00000
May 16 13:11:34 workstation kernel: [    0.033355] TSC deadline timer available
May 16 13:11:34 workstation kernel: [    0.033356] smpboot: Allowing 4 CPUs, 0 hotplug CPUs
May 16 13:11:34 workstation kernel: [    0.033380] PM: Registered nosave memory: [mem 0x00000000-0x00000fff]
May 16 13:11:34 workstation kernel: [    0.033382] PM: Registered nosave memory: [mem 0x0009e000-0x0009efff]
May 16 13:11:34 workstation kernel: [    0.033383] PM: Registered nosave memory: [mem 0x0009f000-0x0009ffff]
May 16 13:11:34 workstation kernel: [    0.033384] PM: Registered nosave memory: [mem 0x000a0000-0x000dffff]
May 16 13:11:34 workstation kernel: [    0.033384] PM: Registered nosave memory: [mem 0x000e0000-0x000fffff]
May 16 13:11:34 workstation kernel: [    0.033386] PM: Registered nosave memory: [mem 0x96f7a000-0x97879fff]
May 16 13:11:34 workstation kernel: [    0.033388] PM: Registered nosave memory: [mem 0x9c98f000-0x9ce7efff]
May 16 13:11:34 workstation kernel: [    0.033389] PM: Registered nosave memory: [mem 0x9ce7f000-0x9cf7efff]
May 16 13:11:34 workstation kernel: [    0.033390] PM: Registered nosave memory: [mem 0x9cf7f000-0x9cffefff]
May 16 13:11:34 workstation kernel: [    0.033392] PM: Registered nosave memory: [mem 0x9d000000-0x9fffffff]
May 16 13:11:34 workstation kernel: [    0.033392] PM: Registered nosave memory: [mem 0xa0000000-0xdfffffff]
May 16 13:11:34 workstation kernel: [    0.033393] PM: Registered nosave memory: [mem 0xe0000000-0xefffffff]
May 16 13:11:34 workstation kernel: [    0.033394] PM: Registered nosave memory: [mem 0xf0000000-0xfeafffff]
May 16 13:11:34 workstation kernel: [    0.033394] PM: Registered nosave memory: [mem 0xfeb00000-0xfeb03fff]
May 16 13:11:34 workstation kernel: [    0.033395] PM: Registered nosave memory: [mem 0xfeb04000-0xfebfffff]
May 16 13:11:34 workstation kernel: [    0.033396] PM: Registered nosave memory: [mem 0xfec00000-0xfec00fff]
May 16 13:11:34 workstation kernel: [    0.033396] PM: Registered nosave memory: [mem 0xfec01000-0xfed0ffff]
May 16 13:11:34 workstation kernel: [    0.033397] PM: Registered nosave memory: [mem 0xfed10000-0xfed19fff]
May 16 13:11:34 workstation kernel: [    0.033398] PM: Registered nosave memory: [mem 0xfed1a000-0xfed1bfff]
May 16 13:11:34 workstation kernel: [    0.033398] PM: Registered nosave memory: [mem 0xfed1c000-0xfed1ffff]
May 16 13:11:34 workstation kernel: [    0.033399] PM: Registered nosave memory: [mem 0xfed20000-0xfedfffff]
May 16 13:11:34 workstation kernel: [    0.033399] PM: Registered nosave memory: [mem 0xfee00000-0xfee00fff]
May 16 13:11:34 workstation kernel: [    0.033400] PM: Registered nosave memory: [mem 0xfee01000-0xff9fffff]
May 16 13:11:34 workstation kernel: [    0.033401] PM: Registered nosave memory: [mem 0xffa00000-0xffffffff]
May 16 13:11:34 workstation kernel: [    0.033403] [mem 0xa0000000-0xdfffffff] available for PCI devices
May 16 13:11:34 workstation kernel: [    0.033404] Booting paravirtualized kernel on bare hardware
May 16 13:11:34 workstation kernel: [    0.033407] clocksource: refined-jiffies: mask: 0xffffffff max_cycles: 0xffffffff, max_idle_ns: 7645519600211568 ns
May 16 13:11:34 workstation kernel: [    0.033415] setup_percpu: NR_CPUS:8192 nr_cpumask_bits:4 nr_cpu_ids:4 nr_node_ids:1
May 16 13:11:34 workstation kernel: [    0.033759] percpu: Embedded 60 pages/cpu s208896 r8192 d28672 u524288
May 16 13:11:34 workstation kernel: [    0.033767] pcpu-alloc: s208896 r8192 d28672 u524288 alloc=1*2097152
May 16 13:11:34 workstation kernel: [    0.033768] pcpu-alloc: [0] 0 1 2 3 
May 16 13:11:34 workstation kernel: [    0.033803] Built 1 zonelists, mobility grouping on.  Total pages: 1012053
May 16 13:11:34 workstation kernel: [    0.033804] Policy zone: Normal
May 16 13:11:34 workstation kernel: [    0.033805] Kernel command line: BOOT_IMAGE=/boot/vmlinuz-5.4.0-150-generic root=UUID=31133fae-f058-440e-a763-cf169a6faeff ro quiet splash vt.handoff=1
May 16 13:11:34 workstation kernel: [    0.034281] Dentry cache hash table entries: 524288 (order: 10, 4194304 bytes, linear)
May 16 13:11:34 workstation kernel: [    0.034473] Inode-cache hash table entries: 262144 (order: 9, 2097152 bytes, linear)
May 16 13:11:34 workstation kernel: [    0.034533] mem auto-init: stack:off, heap alloc:on, heap free:off
May 16 13:11:34 workstation kernel: [    0.040768] Calgary: detecting Calgary via BIOS EBDA area
May 16 13:11:34 workstation kernel: [    0.040770] Calgary: Unable to locate Rio Grande table in EBDA - bailing!
May 16 13:11:34 workstation kernel: [    0.056908] Memory: 3892232K/4112564K available (14339K kernel code, 2375K rwdata, 9472K rodata, 2748K init, 4980K bss, 220332K reserved, 0K cma-reserved)
May 16 13:11:34 workstation kernel: [    0.057531] SLUB: HWalign=64, Order=0-3, MinObjects=0, CPUs=4, Nodes=1
May 16 13:11:34 workstation kernel: [    0.057563] Kernel/User page tables isolation: enabled
May 16 13:11:34 workstation kernel: [    0.057582] ftrace: allocating 44386 entries in 174 pages
May 16 13:11:34 workstation kernel: [    0.079404] rcu: Hierarchical RCU implementation.
May 16 13:11:34 workstation kernel: [    0.079406] rcu: 	RCU restricting CPUs from NR_CPUS=8192 to nr_cpu_ids=4.
May 16 13:11:34 workstation kernel: [    0.079407] 	Tasks RCU enabled.
May 16 13:11:34 workstation kernel: [    0.079408] rcu: RCU calculated value of scheduler-enlistment delay is 25 jiffies.
May 16 13:11:34 workstation kernel: [    0.079409] rcu: Adjusting geometry for rcu_fanout_leaf=16, nr_cpu_ids=4
May 16 13:11:34 workstation kernel: [    0.083112] NR_IRQS: 524544, nr_irqs: 728, preallocated irqs: 16
May 16 13:11:34 workstation kernel: [    0.083339] random: crng init done
May 16 13:11:34 workstation kernel: [    0.083360] vt handoff: transparent VT on vt#1
May 16 13:11:34 workstation kernel: [    0.083367] Console: colour dummy device 80x25
May 16 13:11:34 workstation kernel: [    0.083372] printk: console [tty0] enabled
May 16 13:11:34 workstation kernel: [    0.083392] ACPI: Core revision 20190816
May 16 13:11:34 workstation kernel: [    0.083576] hpet: HPET dysfunctional in PC10. Force disabled.
May 16 13:11:34 workstation kernel: [    0.083577] APIC: Switch to symmetric I/O mode setup
May 16 13:11:34 workstation kernel: [    0.083580] DMAR: Host address width 39
May 16 13:11:34 workstation kernel: [    0.083581] DMAR: DRHD base: 0x000000fed90000 flags: 0x0
May 16 13:11:34 workstation kernel: [    0.083588] DMAR: dmar0: reg_base_addr fed90000 ver 1:0 cap 1c0000c40660462 ecap 7e1ff0505e
May 16 13:11:34 workstation kernel: [    0.083589] DMAR: DRHD base: 0x000000fed91000 flags: 0x1
May 16 13:11:34 workstation kernel: [    0.083592] DMAR: dmar1: reg_base_addr fed91000 ver 1:0 cap d2008c20660462 ecap f010da
May 16 13:11:34 workstation kernel: [    0.083593] DMAR: RMRR base: 0x0000009ce24000 end: 0x0000009ce43fff
May 16 13:11:34 workstation kernel: [    0.083594] DMAR: RMRR base: 0x0000009d800000 end: 0x0000009fffffff
May 16 13:11:34 workstation kernel: [    0.083595] DMAR: ANDD device: 1 name: \_SB.PCI0.SDMA
May 16 13:11:34 workstation kernel: [    0.083596] DMAR: ANDD device: 2 name: \_SB.PCI0.SDHC
May 16 13:11:34 workstation kernel: [    0.083598] DMAR-IR: IOAPIC id 2 under DRHD base  0xfed91000 IOMMU 1
May 16 13:11:34 workstation kernel: [    0.083599] DMAR-IR: HPET id 0 under DRHD base 0xfed91000
May 16 13:11:34 workstation kernel: [    0.083599] DMAR-IR: x2apic is disabled because BIOS sets x2apic opt out bit.
May 16 13:11:34 workstation kernel: [    0.083600] DMAR-IR: Use 'intremap=no_x2apic_optout' to override the BIOS setting.
May 16 13:11:34 workstation kernel: [    0.084314] DMAR-IR: Enabled IRQ remapping in xapic mode
May 16 13:11:34 workstation kernel: [    0.084315] x2apic: IRQ remapping doesn't support X2APIC mode
May 16 13:11:34 workstation kernel: [    0.084817] clocksource: tsc-early: mask: 0xffffffffffffffff max_cycles: 0x1e33a3b5d27, max_idle_ns: 440795241132 ns
May 16 13:11:34 workstation kernel: [    0.084822] Calibrating delay loop (skipped), value calculated using timer frequency.. 4190.48 BogoMIPS (lpj=8380976)
May 16 13:11:34 workstation kernel: [    0.084825] pid_max: default: 32768 minimum: 301
May 16 13:11:34 workstation kernel: [    0.084862] LSM: Security Framework initializing
May 16 13:11:34 workstation kernel: [    0.084874] Yama: becoming mindful.
May 16 13:11:34 workstation kernel: [    0.084909] AppArmor: AppArmor initialized
May 16 13:11:34 workstation kernel: [    0.084957] Mount-cache hash table entries: 8192 (order: 4, 65536 bytes, linear)
May 16 13:11:34 workstation kernel: [    0.084969] Mountpoint-cache hash table entries: 8192 (order: 4, 65536 bytes, linear)
May 16 13:11:34 workstation kernel: [    0.084985] *** VALIDATE tmpfs ***
May 16 13:11:34 workstation kernel: [    0.085156] *** VALIDATE proc ***
May 16 13:11:34 workstation kernel: [    0.085212] *** VALIDATE cgroup1 ***
May 16 13:11:34 workstation kernel: [    0.085213] *** VALIDATE cgroup2 ***
May 16 13:11:34 workstation kernel: [    0.085293] process: using mwait in idle threads
May 16 13:11:34 workstation kernel: [    0.085296] Last level iTLB entries: 4KB 64, 2MB 8, 4MB 8
May 16 13:11:34 workstation kernel: [    0.085297] Last level dTLB entries: 4KB 64, 2MB 0, 4MB 0, 1GB 4
May 16 13:11:34 workstation kernel: [    0.085300] Spectre V1 : Mitigation: usercopy/swapgs barriers and __user pointer sanitization
May 16 13:11:34 workstation kernel: [    0.085301] Spectre V2 : Mitigation: Retpolines
May 16 13:11:34 workstation kernel: [    0.085302] Spectre V2 : Spectre v2 / SpectreRSB mitigation: Filling RSB on context switch
May 16 13:11:34 workstation kernel: [    0.085303] Spectre V2 : Spectre v2 / SpectreRSB : Filling RSB on VMEXIT
May 16 13:11:34 workstation kernel: [    0.085303] Spectre V2 : Enabling Restricted Speculation for firmware calls
May 16 13:11:34 workstation kernel: [    0.085305] Spectre V2 : mitigation: Enabling conditional Indirect Branch Prediction Barrier
May 16 13:11:34 workstation kernel: [    0.085305] Spectre V2 : User space: Mitigation: STIBP via seccomp and prctl
May 16 13:11:34 workstation kernel: [    0.085307] Speculative Store Bypass: Mitigation: Speculative Store Bypass disabled via prctl and seccomp
May 16 13:11:34 workstation kernel: [    0.085310] MDS: Mitigation: Clear CPU buffers
May 16 13:11:34 workstation kernel: [    0.085310] MMIO Stale Data: Unknown: No mitigations
May 16 13:11:34 workstation kernel: [    0.085312] SRBDS: Mitigation: Microcode
May 16 13:11:34 workstation kernel: [    0.085606] Freeing SMP alternatives memory: 40K
May 16 13:11:34 workstation kernel: [    0.088819] smpboot: CPU0: Intel(R) Core(TM) i3-5010U CPU @ 2.10GHz (family: 0x6, model: 0x3d, stepping: 0x4)
May 16 13:11:34 workstation kernel: [    0.088819] Performance Events: PEBS fmt2+, Broadwell events, 16-deep LBR, full-width counters, Intel PMU driver.
May 16 13:11:34 workstation kernel: [    0.088819] ... version:                3
May 16 13:11:34 workstation kernel: [    0.088819] ... bit width:              48
May 16 13:11:34 workstation kernel: [    0.088819] ... generic registers:      4
May 16 13:11:34 workstation kernel: [    0.088819] ... value mask:             0000ffffffffffff
May 16 13:11:34 workstation kernel: [    0.088819] ... max period:             00007fffffffffff
May 16 13:11:34 workstation kernel: [    0.088819] ... fixed-purpose events:   3
May 16 13:11:34 workstation kernel: [    0.088819] ... event mask:             000000070000000f
May 16 13:11:34 workstation kernel: [    0.088819] rcu: Hierarchical SRCU implementation.
May 16 13:11:34 workstation kernel: [    0.088819] NMI watchdog: Enabled. Permanently consumes one hw-PMU counter.
May 16 13:11:34 workstation kernel: [    0.088819] smp: Bringing up secondary CPUs ...
May 16 13:11:34 workstation kernel: [    0.088819] x86: Booting SMP configuration:
May 16 13:11:34 workstation kernel: [    0.088819] .... node  #0, CPUs:      #1 #2
May 16 13:11:34 workstation kernel: [    0.089608] MDS CPU bug present and SMT on, data leak possible. See https://www.kernel.org/doc/html/latest/admin-guide/hw-vuln/mds.html for more details.
May 16 13:11:34 workstation kernel: [    0.089608]  #3
May 16 13:11:34 workstation kernel: [    0.089608] smp: Brought up 1 node, 4 CPUs
May 16 13:11:34 workstation kernel: [    0.089608] smpboot: Max logical packages: 1
May 16 13:11:34 workstation kernel: [    0.089608] smpboot: Total of 4 processors activated (16761.95 BogoMIPS)
May 16 13:11:34 workstation kernel: [    0.090505] devtmpfs: initialized
May 16 13:11:34 workstation kernel: [    0.090505] x86/mm: Memory block size: 128MB
May 16 13:11:34 workstation kernel: [    0.093289] PM: Registering ACPI NVS region [mem 0x9ce7f000-0x9cf7efff] (1048576 bytes)
May 16 13:11:34 workstation kernel: [    0.093289] clocksource: jiffies: mask: 0xffffffff max_cycles: 0xffffffff, max_idle_ns: 7645041785100000 ns
May 16 13:11:34 workstation kernel: [    0.093289] futex hash table entries: 1024 (order: 4, 65536 bytes, linear)
May 16 13:11:34 workstation kernel: [    0.093289] pinctrl core: initialized pinctrl subsystem
May 16 13:11:34 workstation kernel: [    0.093289] PM: RTC time: 07:40:55, date: 2024-05-16
May 16 13:11:34 workstation kernel: [    0.093289] NET: Registered protocol family 16
May 16 13:11:34 workstation kernel: [    0.093289] audit: initializing netlink subsys (disabled)
May 16 13:11:34 workstation kernel: [    0.093289] audit: type=2000 audit(1715845255.008:1): state=initialized audit_enabled=0 res=1
May 16 13:11:34 workstation kernel: [    0.093289] EISA bus registered
May 16 13:11:34 workstation kernel: [    0.093289] cpuidle: using governor ladder
May 16 13:11:34 workstation kernel: [    0.093289] cpuidle: using governor menu
May 16 13:11:34 workstation kernel: [    0.093289] Simple Boot Flag at 0x44 set to 0x1
May 16 13:11:34 workstation kernel: [    0.093289] ACPI FADT declares the system doesn't support PCIe ASPM, so disable it
May 16 13:11:34 workstation kernel: [    0.093289] ACPI: bus type PCI registered
May 16 13:11:34 workstation kernel: [    0.093289] acpiphp: ACPI Hot Plug PCI Controller Driver version: 0.5
May 16 13:11:34 workstation kernel: [    0.093289] PCI: MMCONFIG for domain 0000 [bus 00-ff] at [mem 0xe0000000-0xefffffff] (base 0xe0000000)
May 16 13:11:34 workstation kernel: [    0.093289] PCI: MMCONFIG at [mem 0xe0000000-0xefffffff] reserved in E820
May 16 13:11:34 workstation kernel: [    0.093289] PCI: Using configuration type 1 for base access
May 16 13:11:34 workstation kernel: [    0.093289] ENERGY_PERF_BIAS: Set to 'normal', was 'performance'
May 16 13:11:34 workstation kernel: [    0.093289] mtrr: your CPUs had inconsistent variable MTRR settings
May 16 13:11:34 workstation kernel: [    0.093289] mtrr: probably your BIOS does not setup all CPUs.
May 16 13:11:34 workstation kernel: [    0.093289] mtrr: corrected configuration.
May 16 13:11:34 workstation kernel: [    0.094614] HugeTLB registered 1.00 GiB page size, pre-allocated 0 pages
May 16 13:11:34 workstation kernel: [    0.094614] HugeTLB registered 2.00 MiB page size, pre-allocated 0 pages
May 16 13:11:34 workstation kernel: [    0.096929] ACPI: Added _OSI(Module Device)
May 16 13:11:34 workstation kernel: [    0.096930] ACPI: Added _OSI(Processor Device)
May 16 13:11:34 workstation kernel: [    0.096931] ACPI: Added _OSI(3.0 _SCP Extensions)
May 16 13:11:34 workstation kernel: [    0.096932] ACPI: Added _OSI(Processor Aggregator Device)
May 16 13:11:34 workstation kernel: [    0.096933] ACPI: Added _OSI(Linux-Dell-Video)
May 16 13:11:34 workstation kernel: [    0.096934] ACPI: Added _OSI(Linux-Lenovo-NV-HDMI-Audio)
May 16 13:11:34 workstation kernel: [    0.096935] ACPI: Added _OSI(Linux-HPI-Hybrid-Graphics)
May 16 13:11:34 workstation kernel: [    0.122476] ACPI: 5 ACPI AML tables successfully acquired and loaded
May 16 13:11:34 workstation kernel: [    0.125047] ACPI: [Firmware Bug]: BIOS _OSI(Linux) query ignored
May 16 13:11:34 workstation kernel: [    0.126790] ACPI: Dynamic OEM Table Load:
May 16 13:11:34 workstation kernel: [    0.126799] ACPI: SSDT 0xFFFF94C3D9563400 0003D3 (v02 PmRef  Cpu0Cst  00003001 INTL 20121220)
May 16 13:11:34 workstation kernel: [    0.128532] ACPI: Dynamic OEM Table Load:
May 16 13:11:34 workstation kernel: [    0.128539] ACPI: SSDT 0xFFFF94C3D9A95000 0005AA (v02 PmRef  ApIst    00003000 INTL 20121220)
May 16 13:11:34 workstation kernel: [    0.130355] ACPI: Dynamic OEM Table Load:
May 16 13:11:34 workstation kernel: [    0.130361] ACPI: SSDT 0xFFFF94C3D9565E00 000119 (v02 PmRef  ApCst    00003000 INTL 20121220)
May 16 13:11:34 workstation kernel: [    0.133023] ACPI: EC: EC started
May 16 13:11:34 workstation kernel: [    0.133024] ACPI: EC: interrupt blocked
May 16 13:11:34 workstation kernel: [    0.134502] ACPI: \_SB_.PCI0.LPCB.EC0_: Used as first EC
May 16 13:11:34 workstation kernel: [    0.134505] ACPI: \_SB_.PCI0.LPCB.EC0_: GPE=0x7, IRQ=-1, EC_CMD/EC_SC=0x66, EC_DATA=0x62
May 16 13:11:34 workstation kernel: [    0.134506] ACPI: \_SB_.PCI0.LPCB.EC0_: Boot DSDT EC used to handle transactions
May 16 13:11:34 workstation kernel: [    0.134506] ACPI: Interpreter enabled
May 16 13:11:34 workstation kernel: [    0.134555] ACPI: (supports S0 S3 S4 S5)
May 16 13:11:34 workstation kernel: [    0.134556] ACPI: Using IOAPIC for interrupt routing
May 16 13:11:34 workstation kernel: [    0.134602] PCI: Using host bridge windows from ACPI; if necessary, use "pci=nocrs" and report a bug
May 16 13:11:34 workstation kernel: [    0.135150] ACPI: watchdog: Skipping WDAT on this system because it uses RTC SRAM
May 16 13:11:34 workstation kernel: [    0.135165] ACPI: Enabled 7 GPEs in block 00 to 7F
May 16 13:11:34 workstation kernel: [    0.156660] ACPI: PCI Root Bridge [PCI0] (domain 0000 [bus 00-fe])
May 16 13:11:34 workstation kernel: [    0.156668] acpi PNP0A08:00: _OSC: OS supports [ExtendedConfig ASPM ClockPM Segments MSI HPX-Type3]
May 16 13:11:34 workstation kernel: [    0.158203] acpi PNP0A08:00: _OSC: OS now controls [PCIeHotplug SHPCHotplug PME AER PCIeCapability LTR]
May 16 13:11:34 workstation kernel: [    0.158204] acpi PNP0A08:00: FADT indicates ASPM is unsupported, using BIOS configuration
May 16 13:11:34 workstation kernel: [    0.159548] PCI host bridge to bus 0000:00
May 16 13:11:34 workstation kernel: [    0.159551] pci_bus 0000:00: root bus resource [io  0x0000-0x0cf7 window]
May 16 13:11:34 workstation kernel: [    0.159552] pci_bus 0000:00: root bus resource [io  0x0d00-0xffff window]
May 16 13:11:34 workstation kernel: [    0.159554] pci_bus 0000:00: root bus resource [mem 0x000a0000-0x000bffff window]
May 16 13:11:34 workstation kernel: [    0.159555] pci_bus 0000:00: root bus resource [mem 0xa0000000-0xdfffffff window]
May 16 13:11:34 workstation kernel: [    0.159556] pci_bus 0000:00: root bus resource [mem 0xfe101000-0xfe113fff window]
May 16 13:11:34 workstation kernel: [    0.159557] pci_bus 0000:00: root bus resource [bus 00-fe]
May 16 13:11:34 workstation kernel: [    0.159570] pci 0000:00:00.0: [8086:1604] type 00 class 0x060000
May 16 13:11:34 workstation kernel: [    0.159972] pci 0000:00:02.0: [8086:1616] type 00 class 0x030000
May 16 13:11:34 workstation kernel: [    0.159985] pci 0000:00:02.0: reg 0x10: [mem 0xc0000000-0xc0ffffff 64bit]
May 16 13:11:34 workstation kernel: [    0.159992] pci 0000:00:02.0: reg 0x18: [mem 0xb0000000-0xbfffffff 64bit pref]
May 16 13:11:34 workstation kernel: [    0.159997] pci 0000:00:02.0: reg 0x20: [io  0x4000-0x403f]
May 16 13:11:34 workstation kernel: [    0.160013] pci 0000:00:02.0: DMAR: Disabling IOMMU for graphics on this chipset
May 16 13:11:34 workstation kernel: [    0.160379] ACPI BIOS Error (bug): Could not resolve symbol [\_SB.PCI0.GFX0._DSM.ECR1], AE_NOT_FOUND (20190816/psargs-330)
May 16 13:11:34 workstation kernel: [    0.160388] No Local Variables are initialized for Method [_DSM]
May 16 13:11:34 workstation kernel: [    0.160390] Initialized Arguments for Method [_DSM]:  (4 arguments defined for method invocation)
May 16 13:11:34 workstation kernel: [    0.160390]   Arg0:   000000006a333780 <Obj>           Buffer(16) D0 37 C9 E5 53 35 7A 4D
May 16 13:11:34 workstation kernel: [    0.160397]   Arg1:   00000000a2b99144 <Obj>           Integer 0000000000000003
May 16 13:11:34 workstation kernel: [    0.160399]   Arg2:   0000000055bad7f0 <Obj>           Integer 0000000000000009
May 16 13:11:34 workstation kernel: [    0.160401]   Arg3:   00000000b6ab0d92 <Obj>           Package 00000000b6ab0d92
May 16 13:11:34 workstation kernel: [    0.160405] ACPI Error: Aborting method \_SB.PCI0.GFX0._DSM due to previous error (AE_NOT_FOUND) (20190816/psparse-531)
May 16 13:11:34 workstation kernel: [    0.160458] pci 0000:00:03.0: [8086:160c] type 00 class 0x040300
May 16 13:11:34 workstation kernel: [    0.160470] pci 0000:00:03.0: reg 0x10: [mem 0xc1210000-0xc1213fff 64bit]
May 16 13:11:34 workstation kernel: [    0.160907] pci 0000:00:14.0: [8086:9cb1] type 00 class 0x0c0330
May 16 13:11:34 workstation kernel: [    0.160927] pci 0000:00:14.0: reg 0x10: [mem 0xc1200000-0xc120ffff 64bit]
May 16 13:11:34 workstation kernel: [    0.160988] pci 0000:00:14.0: PME# supported from D3hot D3cold
May 16 13:11:34 workstation kernel: [    0.161380] pci 0000:00:16.0: [8086:9cba] type 00 class 0x078000
May 16 13:11:34 workstation kernel: [    0.161404] pci 0000:00:16.0: reg 0x10: [mem 0xc121a000-0xc121a01f 64bit]
May 16 13:11:34 workstation kernel: [    0.161475] pci 0000:00:16.0: PME# supported from D0 D3hot D3cold
May 16 13:11:34 workstation kernel: [    0.161857] pci 0000:00:1b.0: [8086:9ca0] type 00 class 0x040300
May 16 13:11:34 workstation kernel: [    0.161876] pci 0000:00:1b.0: reg 0x10: [mem 0xc1214000-0xc1217fff 64bit]
May 16 13:11:34 workstation kernel: [    0.161936] pci 0000:00:1b.0: PME# supported from D0 D3hot D3cold
May 16 13:11:34 workstation kernel: [    0.162327] pci 0000:00:1c.0: [8086:9c90] type 01 class 0x060400
May 16 13:11:34 workstation kernel: [    0.162736] pci 0000:00:1c.0: PME# supported from D0 D3hot D3cold
May 16 13:11:34 workstation kernel: [    0.162873] pci 0000:00:1c.2: [8086:9c94] type 01 class 0x060400
May 16 13:11:34 workstation kernel: [    0.162958] pci 0000:00:1c.2: PME# supported from D0 D3hot D3cold
May 16 13:11:34 workstation kernel: [    0.163431] pci 0000:00:1c.3: [8086:9c96] type 01 class 0x060400
May 16 13:11:34 workstation kernel: [    0.163515] pci 0000:00:1c.3: PME# supported from D0 D3hot D3cold
May 16 13:11:34 workstation kernel: [    0.163992] pci 0000:00:1f.0: [8086:9cc3] type 00 class 0x060100
May 16 13:11:34 workstation kernel: [    0.164495] pci 0000:00:1f.2: [8086:9c83] type 00 class 0x010601
May 16 13:11:34 workstation kernel: [    0.164511] pci 0000:00:1f.2: reg 0x10: [io  0x4088-0x408f]
May 16 13:11:34 workstation kernel: [    0.164518] pci 0000:00:1f.2: reg 0x14: [io  0x4094-0x4097]
May 16 13:11:34 workstation kernel: [    0.164524] pci 0000:00:1f.2: reg 0x18: [io  0x4080-0x4087]
May 16 13:11:34 workstation kernel: [    0.164531] pci 0000:00:1f.2: reg 0x1c: [io  0x4090-0x4093]
May 16 13:11:34 workstation kernel: [    0.164538] pci 0000:00:1f.2: reg 0x20: [io  0x4060-0x407f]
May 16 13:11:34 workstation kernel: [    0.164545] pci 0000:00:1f.2: reg 0x24: [mem 0xc1218000-0xc12187ff]
May 16 13:11:34 workstation kernel: [    0.164582] pci 0000:00:1f.2: PME# supported from D3hot
May 16 13:11:34 workstation kernel: [    0.164972] pci 0000:00:1f.3: [8086:9ca2] type 00 class 0x0c0500
May 16 13:11:34 workstation kernel: [    0.164989] pci 0000:00:1f.3: reg 0x10: [mem 0xc1219000-0xc12190ff 64bit]
May 16 13:11:34 workstation kernel: [    0.165008] pci 0000:00:1f.3: reg 0x20: [io  0x4040-0x405f]
May 16 13:11:34 workstation kernel: [    0.165458] pci 0000:00:1c.0: PCI bridge to [bus 01]
May 16 13:11:34 workstation kernel: [    0.165533] pci 0000:02:00.0: [10ec:8168] type 00 class 0x020000
May 16 13:11:34 workstation kernel: [    0.165564] pci 0000:02:00.0: reg 0x10: [io  0x3000-0x30ff]
May 16 13:11:34 workstation kernel: [    0.165592] pci 0000:02:00.0: reg 0x18: [mem 0xc1104000-0xc1104fff 64bit]
May 16 13:11:34 workstation kernel: [    0.165609] pci 0000:02:00.0: reg 0x20: [mem 0xc1100000-0xc1103fff 64bit]
May 16 13:11:34 workstation kernel: [    0.165718] pci 0000:02:00.0: supports D1 D2
May 16 13:11:34 workstation kernel: [    0.165720] pci 0000:02:00.0: PME# supported from D0 D1 D2 D3hot D3cold
May 16 13:11:34 workstation kernel: [    0.165862] pci 0000:00:1c.2: PCI bridge to [bus 02]
May 16 13:11:34 workstation kernel: [    0.165865] pci 0000:00:1c.2:   bridge window [io  0x3000-0x3fff]
May 16 13:11:34 workstation kernel: [    0.165868] pci 0000:00:1c.2:   bridge window [mem 0xc1100000-0xc11fffff]
May 16 13:11:34 workstation kernel: [    0.166089] pci 0000:03:00.0: [8086:08b4] type 00 class 0x028000
May 16 13:11:34 workstation kernel: [    0.166197] pci 0000:03:00.0: reg 0x10: [mem 0xc1000000-0xc1001fff 64bit]
May 16 13:11:34 workstation kernel: [    0.166596] pci 0000:03:00.0: PME# supported from D0 D3hot D3cold
May 16 13:11:34 workstation kernel: [    0.167038] pci 0000:00:1c.3: PCI bridge to [bus 03]
May 16 13:11:34 workstation kernel: [    0.167042] pci 0000:00:1c.3:   bridge window [mem 0xc1000000-0xc10fffff]
May 16 13:11:34 workstation kernel: [    0.168493] ACPI: PCI Interrupt Link [LNKA] (IRQs 3 4 5 6 10 11 12 14 15) *7
May 16 13:11:34 workstation kernel: [    0.168577] ACPI: PCI Interrupt Link [LNKB] (IRQs 3 4 5 6 *10 11 12 14 15)
May 16 13:11:34 workstation kernel: [    0.168658] ACPI: PCI Interrupt Link [LNKC] (IRQs 3 4 5 6 10 *11 12 14 15)
May 16 13:11:34 workstation kernel: [    0.168739] ACPI: PCI Interrupt Link [LNKD] (IRQs 3 4 5 6 *10 11 12 14 15)
May 16 13:11:34 workstation kernel: [    0.168818] ACPI: PCI Interrupt Link [LNKE] (IRQs 3 4 5 6 10 11 12 14 15) *0, disabled.
May 16 13:11:34 workstation kernel: [    0.168900] ACPI: PCI Interrupt Link [LNKF] (IRQs 3 4 5 6 10 11 12 14 15) *0, disabled.
May 16 13:11:34 workstation kernel: [    0.168981] ACPI: PCI Interrupt Link [LNKG] (IRQs 3 4 5 6 10 *11 12 14 15)
May 16 13:11:34 workstation kernel: [    0.169060] ACPI: PCI Interrupt Link [LNKH] (IRQs 3 4 5 6 10 11 12 14 15) *0, disabled.
May 16 13:11:34 workstation kernel: [    0.169631] ACPI: EC: interrupt unblocked
May 16 13:11:34 workstation kernel: [    0.169632] ACPI: EC: event unblocked
May 16 13:11:34 workstation kernel: [    0.169639] ACPI: \_SB_.PCI0.LPCB.EC0_: GPE=0x7, IRQ=-1, EC_CMD/EC_SC=0x66, EC_DATA=0x62
May 16 13:11:34 workstation kernel: [    0.169641] ACPI: \_SB_.PCI0.LPCB.EC0_: Boot DSDT EC used to handle transactions and events
May 16 13:11:34 workstation kernel: [    0.169740] iommu: Default domain type: Translated 
May 16 13:11:34 workstation kernel: [    0.169740] SCSI subsystem initialized
May 16 13:11:34 workstation kernel: [    0.169740] libata version 3.00 loaded.
May 16 13:11:34 workstation kernel: [    0.169740] pci 0000:00:02.0: vgaarb: setting as boot VGA device
May 16 13:11:34 workstation kernel: [    0.169740] pci 0000:00:02.0: vgaarb: VGA device added: decodes=io+mem,owns=io+mem,locks=none
May 16 13:11:34 workstation kernel: [    0.169740] pci 0000:00:02.0: vgaarb: bridge control possible
May 16 13:11:34 workstation kernel: [    0.169740] vgaarb: loaded
May 16 13:11:34 workstation kernel: [    0.169740] ACPI: bus type USB registered
May 16 13:11:34 workstation kernel: [    0.169740] usbcore: registered new interface driver usbfs
May 16 13:11:34 workstation kernel: [    0.169740] usbcore: registered new interface driver hub
May 16 13:11:34 workstation kernel: [    0.169740] usbcore: registered new device driver usb
May 16 13:11:34 workstation kernel: [    0.169740] pps_core: LinuxPPS API ver. 1 registered
May 16 13:11:34 workstation kernel: [    0.169740] pps_core: Software ver. 5.3.6 - Copyright 2005-2007 Rodolfo Giometti <giometti@linux.it>
May 16 13:11:34 workstation kernel: [    0.169740] PTP clock support registered
May 16 13:11:34 workstation kernel: [    0.169740] EDAC MC: Ver: 3.0.0
May 16 13:11:34 workstation kernel: [    0.169740] PCI: Using ACPI for IRQ routing
May 16 13:11:34 workstation kernel: [    0.177658] PCI: pci_cache_line_size set to 64 bytes
May 16 13:11:34 workstation kernel: [    0.177975] e820: reserve RAM buffer [mem 0x0009e800-0x0009ffff]
May 16 13:11:34 workstation kernel: [    0.177976] e820: reserve RAM buffer [mem 0x96f7a000-0x97ffffff]
May 16 13:11:34 workstation kernel: [    0.177977] e820: reserve RAM buffer [mem 0x9c98f000-0x9fffffff]
May 16 13:11:34 workstation kernel: [    0.177978] e820: reserve RAM buffer [mem 0x9d000000-0x9fffffff]
May 16 13:11:34 workstation kernel: [    0.177979] e820: reserve RAM buffer [mem 0x15f000000-0x15fffffff]
May 16 13:11:34 workstation kernel: [    0.178095] NetLabel: Initializing
May 16 13:11:34 workstation kernel: [    0.178096] NetLabel:  domain hash size = 128
May 16 13:11:34 workstation kernel: [    0.178096] NetLabel:  protocols = UNLABELED CIPSOv4 CALIPSO
May 16 13:11:34 workstation kernel: [    0.178117] NetLabel:  unlabeled traffic allowed by default
May 16 13:11:34 workstation kernel: [    0.178202] clocksource: Switched to clocksource tsc-early
May 16 13:11:34 workstation kernel: [    0.191506] *** VALIDATE bpf ***
May 16 13:11:34 workstation kernel: [    0.191579] VFS: Disk quotas dquot_6.6.0
May 16 13:11:34 workstation kernel: [    0.191600] VFS: Dquot-cache hash table entries: 512 (order 0, 4096 bytes)
May 16 13:11:34 workstation kernel: [    0.191630] *** VALIDATE ramfs ***
May 16 13:11:34 workstation kernel: [    0.191634] *** VALIDATE hugetlbfs ***
May 16 13:11:34 workstation kernel: [    0.191734] AppArmor: AppArmor Filesystem Enabled
May 16 13:11:34 workstation kernel: [    0.191767] pnp: PnP ACPI init
May 16 13:11:34 workstation kernel: [    0.193210] system 00:00: [io  0x0680-0x069f] has been reserved
May 16 13:11:34 workstation kernel: [    0.193212] system 00:00: [io  0xffff] has been reserved
May 16 13:11:34 workstation kernel: [    0.193214] system 00:00: [io  0xffff] has been reserved
May 16 13:11:34 workstation kernel: [    0.193215] system 00:00: [io  0xffff] has been reserved
May 16 13:11:34 workstation kernel: [    0.193217] system 00:00: [io  0x1800-0x18fe] has been reserved
May 16 13:11:34 workstation kernel: [    0.193218] system 00:00: [io  0x164e-0x164f] has been reserved
May 16 13:11:34 workstation kernel: [    0.193223] system 00:00: Plug and Play ACPI device, IDs PNP0c02 (active)
May 16 13:11:34 workstation kernel: [    0.193286] pnp 00:01: Plug and Play ACPI device, IDs PNP0b00 (active)
May 16 13:11:34 workstation kernel: [    0.193339] system 00:02: [io  0x1854-0x1857] has been reserved
May 16 13:11:34 workstation kernel: [    0.193343] system 00:02: Plug and Play ACPI device, IDs INT3f0d PNP0c02 (active)
May 16 13:11:34 workstation kernel: [    0.193416] pnp 00:03: Plug and Play ACPI device, IDs PNP0303 (active)
May 16 13:11:34 workstation kernel: [    0.193478] pnp 00:04: Plug and Play ACPI device, IDs ETD0624 ETD0000 PNP0f13 (active)
May 16 13:11:34 workstation kernel: [    0.193976] system 00:05: [mem 0xfed1c000-0xfed1ffff] has been reserved
May 16 13:11:34 workstation kernel: [    0.193978] system 00:05: [mem 0xfed10000-0xfed17fff] has been reserved
May 16 13:11:34 workstation kernel: [    0.193980] system 00:05: [mem 0xfed18000-0xfed18fff] has been reserved
May 16 13:11:34 workstation kernel: [    0.193981] system 00:05: [mem 0xfed19000-0xfed19fff] has been reserved
May 16 13:11:34 workstation kernel: [    0.193982] system 00:05: [mem 0xe0000000-0xefffffff] has been reserved
May 16 13:11:34 workstation kernel: [    0.193984] system 00:05: [mem 0xfed20000-0xfed3ffff] has been reserved
May 16 13:11:34 workstation kernel: [    0.193985] system 00:05: [mem 0xfed90000-0xfed93fff] could not be reserved
May 16 13:11:34 workstation kernel: [    0.193987] system 00:05: [mem 0xfed45000-0xfed8ffff] has been reserved
May 16 13:11:34 workstation kernel: [    0.193988] system 00:05: [mem 0xff000000-0xffffffff] could not be reserved
May 16 13:11:34 workstation kernel: [    0.193990] system 00:05: [mem 0xfee00000-0xfeefffff] could not be reserved
May 16 13:11:34 workstation kernel: [    0.193991] system 00:05: [mem 0xa0010000-0xa001ffff] has been reserved
May 16 13:11:34 workstation kernel: [    0.193994] system 00:05: [mem 0xa0000000-0xa000ffff] has been reserved
May 16 13:11:34 workstation kernel: [    0.193998] system 00:05: Plug and Play ACPI device, IDs PNP0c02 (active)
May 16 13:11:34 workstation kernel: [    0.194413] pnp: PnP ACPI: found 6 devices
May 16 13:11:34 workstation kernel: [    0.195883] thermal_sys: Registered thermal governor 'fair_share'
May 16 13:11:34 workstation kernel: [    0.195884] thermal_sys: Registered thermal governor 'bang_bang'
May 16 13:11:34 workstation kernel: [    0.195885] thermal_sys: Registered thermal governor 'step_wise'
May 16 13:11:34 workstation kernel: [    0.195886] thermal_sys: Registered thermal governor 'user_space'
May 16 13:11:34 workstation kernel: [    0.195886] thermal_sys: Registered thermal governor 'power_allocator'
May 16 13:11:34 workstation kernel: [    0.200377] clocksource: acpi_pm: mask: 0xffffff max_cycles: 0xffffff, max_idle_ns: 2085701024 ns
May 16 13:11:34 workstation kernel: [    0.200415] pci 0000:00:1c.0: bridge window [io  0x1000-0x0fff] to [bus 01] add_size 1000
May 16 13:11:34 workstation kernel: [    0.200418] pci 0000:00:1c.0: bridge window [mem 0x00100000-0x000fffff 64bit pref] to [bus 01] add_size 200000 add_align 100000
May 16 13:11:34 workstation kernel: [    0.200419] pci 0000:00:1c.0: bridge window [mem 0x00100000-0x000fffff] to [bus 01] add_size 200000 add_align 100000
May 16 13:11:34 workstation kernel: [    0.200427] pci 0000:00:1c.0: BAR 14: assigned [mem 0xa0100000-0xa02fffff]
May 16 13:11:34 workstation kernel: [    0.200431] pci 0000:00:1c.0: BAR 15: assigned [mem 0xa0300000-0xa04fffff 64bit pref]
May 16 13:11:34 workstation kernel: [    0.200434] pci 0000:00:1c.0: BAR 13: assigned [io  0x2000-0x2fff]
May 16 13:11:34 workstation kernel: [    0.200436] pci 0000:00:1c.0: PCI bridge to [bus 01]
May 16 13:11:34 workstation kernel: [    0.200438] pci 0000:00:1c.0:   bridge window [io  0x2000-0x2fff]
May 16 13:11:34 workstation kernel: [    0.200442] pci 0000:00:1c.0:   bridge window [mem 0xa0100000-0xa02fffff]
May 16 13:11:34 workstation kernel: [    0.200445] pci 0000:00:1c.0:   bridge window [mem 0xa0300000-0xa04fffff 64bit pref]
May 16 13:11:34 workstation kernel: [    0.200450] pci 0000:00:1c.2: PCI bridge to [bus 02]
May 16 13:11:34 workstation kernel: [    0.200452] pci 0000:00:1c.2:   bridge window [io  0x3000-0x3fff]
May 16 13:11:34 workstation kernel: [    0.200456] pci 0000:00:1c.2:   bridge window [mem 0xc1100000-0xc11fffff]
May 16 13:11:34 workstation kernel: [    0.200463] pci 0000:00:1c.3: PCI bridge to [bus 03]
May 16 13:11:34 workstation kernel: [    0.200466] pci 0000:00:1c.3:   bridge window [mem 0xc1000000-0xc10fffff]
May 16 13:11:34 workstation kernel: [    0.200474] pci_bus 0000:00: resource 4 [io  0x0000-0x0cf7 window]
May 16 13:11:34 workstation kernel: [    0.200475] pci_bus 0000:00: resource 5 [io  0x0d00-0xffff window]
May 16 13:11:34 workstation kernel: [    0.200476] pci_bus 0000:00: resource 6 [mem 0x000a0000-0x000bffff window]
May 16 13:11:34 workstation kernel: [    0.200478] pci_bus 0000:00: resource 7 [mem 0xa0000000-0xdfffffff window]
May 16 13:11:34 workstation kernel: [    0.200479] pci_bus 0000:00: resource 8 [mem 0xfe101000-0xfe113fff window]
May 16 13:11:34 workstation kernel: [    0.200480] pci_bus 0000:01: resource 0 [io  0x2000-0x2fff]
May 16 13:11:34 workstation kernel: [    0.200482] pci_bus 0000:01: resource 1 [mem 0xa0100000-0xa02fffff]
May 16 13:11:34 workstation kernel: [    0.200483] pci_bus 0000:01: resource 2 [mem 0xa0300000-0xa04fffff 64bit pref]
May 16 13:11:34 workstation kernel: [    0.200484] pci_bus 0000:02: resource 0 [io  0x3000-0x3fff]
May 16 13:11:34 workstation kernel: [    0.200485] pci_bus 0000:02: resource 1 [mem 0xc1100000-0xc11fffff]
May 16 13:11:34 workstation kernel: [    0.200486] pci_bus 0000:03: resource 1 [mem 0xc1000000-0xc10fffff]
May 16 13:11:34 workstation kernel: [    0.200647] NET: Registered protocol family 2
May 16 13:11:34 workstation kernel: [    0.200725] IP idents hash table entries: 65536 (order: 7, 524288 bytes, linear)
May 16 13:11:34 workstation kernel: [    0.201450] tcp_listen_portaddr_hash hash table entries: 2048 (order: 3, 32768 bytes, linear)
May 16 13:11:34 workstation kernel: [    0.201514] TCP established hash table entries: 32768 (order: 6, 262144 bytes, linear)
May 16 13:11:34 workstation kernel: [    0.201611] TCP bind hash table entries: 32768 (order: 7, 524288 bytes, linear)
May 16 13:11:34 workstation kernel: [    0.201659] TCP: Hash tables configured (established 32768 bind 32768)
May 16 13:11:34 workstation kernel: [    0.201699] UDP hash table entries: 2048 (order: 4, 65536 bytes, linear)
May 16 13:11:34 workstation kernel: [    0.201716] UDP-Lite hash table entries: 2048 (order: 4, 65536 bytes, linear)
May 16 13:11:34 workstation kernel: [    0.201759] NET: Registered protocol family 1
May 16 13:11:34 workstation kernel: [    0.201765] NET: Registered protocol family 44
May 16 13:11:34 workstation kernel: [    0.201779] pci 0000:00:02.0: Video device with shadowed ROM at [mem 0x000c0000-0x000dffff]
May 16 13:11:34 workstation kernel: [    0.201905] pci 0000:00:14.0: can't derive routing for PCI INT A
May 16 13:11:34 workstation kernel: [    0.201907] pci 0000:00:14.0: PCI INT A: no GSI - using ISA IRQ 7
May 16 13:11:34 workstation kernel: [    0.203591] PCI: CLS 64 bytes, default 64
May 16 13:11:34 workstation kernel: [    0.203711] Trying to unpack rootfs image as initramfs...
May 16 13:11:34 workstation kernel: [    0.924045] Freeing initrd memory: 44540K
May 16 13:11:34 workstation kernel: [    0.924154] DMAR: Failed to find handle for ACPI object \_SB.PCI0.SDMA
May 16 13:11:34 workstation kernel: [    0.924158] DMAR: Failed to find handle for ACPI object \_SB.PCI0.SDHC
May 16 13:11:34 workstation kernel: [    0.944846] PCI-DMA: Using software bounce buffering for IO (SWIOTLB)
May 16 13:11:34 workstation kernel: [    0.944848] software IO TLB: mapped [mem 0x9898f000-0x9c98f000] (64MB)
May 16 13:11:34 workstation kernel: [    0.945053] check: Scanning for low memory corruption every 60 seconds
May 16 13:11:34 workstation kernel: [    0.945529] Initialise system trusted keyrings
May 16 13:11:34 workstation kernel: [    0.945538] Key type blacklist registered
May 16 13:11:34 workstation kernel: [    0.945572] workingset: timestamp_bits=36 max_order=20 bucket_order=0
May 16 13:11:34 workstation kernel: [    0.947076] zbud: loaded
May 16 13:11:34 workstation kernel: [    0.947488] squashfs: version 4.0 (2009/01/31) Phillip Lougher
May 16 13:11:34 workstation kernel: [    0.947663] fuse: init (API version 7.31)
May 16 13:11:34 workstation kernel: [    0.947680] *** VALIDATE fuse ***
May 16 13:11:34 workstation kernel: [    0.947682] *** VALIDATE fuse ***
May 16 13:11:34 workstation kernel: [    0.947782] Platform Keyring initialized
May 16 13:11:34 workstation kernel: [    0.952556] Key type asymmetric registered
May 16 13:11:34 workstation kernel: [    0.952559] Asymmetric key parser 'x509' registered
May 16 13:11:34 workstation kernel: [    0.952579] Block layer SCSI generic (bsg) driver version 0.4 loaded (major 244)
May 16 13:11:34 workstation kernel: [    0.952614] io scheduler mq-deadline registered
May 16 13:11:34 workstation kernel: [    0.953009] pcieport 0000:00:1c.0: PME: Signaling with IRQ 42
May 16 13:11:34 workstation kernel: [    0.953037] pcieport 0000:00:1c.0: pciehp: Slot #0 AttnBtn- PwrCtrl- MRL- AttnInd- PwrInd- HotPlug+ Surprise+ Interlock- NoCompl+ LLActRep+
May 16 13:11:34 workstation kernel: [    0.953355] pcieport 0000:00:1c.2: PME: Signaling with IRQ 43
May 16 13:11:34 workstation kernel: [    0.953576] pcieport 0000:00:1c.3: PME: Signaling with IRQ 44
May 16 13:11:34 workstation kernel: [    0.953641] shpchp: Standard Hot Plug PCI Controller Driver version: 0.4
May 16 13:11:34 workstation kernel: [    0.953698] vesafb: mode is 1366x768x32, linelength=5504, pages=0
May 16 13:11:34 workstation kernel: [    0.953699] vesafb: scrolling: redraw
May 16 13:11:34 workstation kernel: [    0.953700] vesafb: Truecolor: size=8:8:8:8, shift=24:16:8:0
May 16 13:11:34 workstation kernel: [    0.953712] vesafb: framebuffer at 0xb0000000, mapped to 0x00000000d2b3d563, using 4160k, total 4160k
May 16 13:11:34 workstation kernel: [    0.953756] fbcon: Deferring console take-over
May 16 13:11:34 workstation kernel: [    0.953756] fb0: VESA VGA frame buffer device
May 16 13:11:34 workstation kernel: [    0.953770] intel_idle: MWAIT substates: 0x11142120
May 16 13:11:34 workstation kernel: [    0.953771] intel_idle: v0.4.1 model 0x3D
May 16 13:11:34 workstation kernel: [    0.954030] intel_idle: lapic_timer_reliable_states 0xffffffff
May 16 13:11:34 workstation kernel: [    0.955849] ACPI: AC Adapter [ADP0] (on-line)
May 16 13:11:34 workstation kernel: [    0.955929] input: Lid Switch as /devices/LNXSYSTM:00/LNXSYBUS:00/PNP0C0D:00/input/input0
May 16 13:11:34 workstation kernel: [    0.955966] ACPI: Lid Switch [LID0]
May 16 13:11:34 workstation kernel: [    0.955997] input: Power Button as /devices/LNXSYSTM:00/LNXSYBUS:00/PNP0C0C:00/input/input1
May 16 13:11:34 workstation kernel: [    0.956024] ACPI: Power Button [PWRB]
May 16 13:11:34 workstation kernel: [    0.956055] input: Power Button as /devices/LNXSYSTM:00/LNXPWRBN:00/input/input2
May 16 13:11:34 workstation kernel: [    0.956082] ACPI: Power Button [PWRF]
May 16 13:11:34 workstation kernel: [    0.956773] Serial: 8250/16550 driver, 32 ports, IRQ sharing enabled
May 16 13:11:34 workstation kernel: [    0.959765] hpet_acpi_add: no address or irqs in _CRS
May 16 13:11:34 workstation kernel: [    0.959821] Linux agpgart interface v0.103
May 16 13:11:34 workstation kernel: [    1.058333] battery: ACPI: Battery Slot [BAT0] (battery present)
May 16 13:11:34 workstation kernel: [    1.100916] loop: module loaded
May 16 13:11:34 workstation kernel: [    1.101182] tun: Universal TUN/TAP device driver, 1.6
May 16 13:11:34 workstation kernel: [    1.101219] PPP generic driver version 2.4.2
May 16 13:11:34 workstation kernel: [    1.101280] VFIO - User Level meta-driver version: 0.3
May 16 13:11:34 workstation kernel: [    1.101354] ehci_hcd: USB 2.0 'Enhanced' Host Controller (EHCI) Driver
May 16 13:11:34 workstation kernel: [    1.101357] ehci-pci: EHCI PCI platform driver
May 16 13:11:34 workstation kernel: [    1.101369] ehci-platform: EHCI generic platform driver
May 16 13:11:34 workstation kernel: [    1.101381] ohci_hcd: USB 1.1 'Open' Host Controller (OHCI) Driver
May 16 13:11:34 workstation kernel: [    1.101383] ohci-pci: OHCI PCI platform driver
May 16 13:11:34 workstation kernel: [    1.101392] ohci-platform: OHCI generic platform driver
May 16 13:11:34 workstation kernel: [    1.101398] uhci_hcd: USB Universal Host Controller Interface driver
May 16 13:11:34 workstation kernel: [    1.101558] xhci_hcd 0000:00:14.0: can't derive routing for PCI INT A
May 16 13:11:34 workstation kernel: [    1.101559] xhci_hcd 0000:00:14.0: PCI INT A: no GSI - using ISA IRQ 7
May 16 13:11:34 workstation kernel: [    1.101592] xhci_hcd 0000:00:14.0: xHCI Host Controller
May 16 13:11:34 workstation kernel: [    1.101598] xhci_hcd 0000:00:14.0: new USB bus registered, assigned bus number 1
May 16 13:11:34 workstation kernel: [    1.102645] xhci_hcd 0000:00:14.0: hcc params 0x200077c1 hci version 0x100 quirks 0x000000000004b810
May 16 13:11:34 workstation kernel: [    1.102649] xhci_hcd 0000:00:14.0: cache line size of 64 is not supported
May 16 13:11:34 workstation kernel: [    1.102812] xhci_hcd 0000:00:14.0: xHCI Host Controller
May 16 13:11:34 workstation kernel: [    1.102815] xhci_hcd 0000:00:14.0: new USB bus registered, assigned bus number 2
May 16 13:11:34 workstation kernel: [    1.102817] xhci_hcd 0000:00:14.0: Host supports USB 3.0 SuperSpeed
May 16 13:11:34 workstation kernel: [    1.102853] usb usb1: New USB device found, idVendor=1d6b, idProduct=0002, bcdDevice= 5.04
May 16 13:11:34 workstation kernel: [    1.102854] usb usb1: New USB device strings: Mfr=3, Product=2, SerialNumber=1
May 16 13:11:34 workstation kernel: [    1.102855] usb usb1: Product: xHCI Host Controller
May 16 13:11:34 workstation kernel: [    1.102857] usb usb1: Manufacturer: Linux 5.4.0-150-generic xhci-hcd
May 16 13:11:34 workstation kernel: [    1.102858] usb usb1: SerialNumber: 0000:00:14.0
May 16 13:11:34 workstation kernel: [    1.102965] hub 1-0:1.0: USB hub found
May 16 13:11:34 workstation kernel: [    1.102979] hub 1-0:1.0: 11 ports detected
May 16 13:11:34 workstation kernel: [    1.107607] usb usb2: New USB device found, idVendor=1d6b, idProduct=0003, bcdDevice= 5.04
May 16 13:11:34 workstation kernel: [    1.107609] usb usb2: New USB device strings: Mfr=3, Product=2, SerialNumber=1
May 16 13:11:34 workstation kernel: [    1.107610] usb usb2: Product: xHCI Host Controller
May 16 13:11:34 workstation kernel: [    1.107611] usb usb2: Manufacturer: Linux 5.4.0-150-generic xhci-hcd
May 16 13:11:34 workstation kernel: [    1.107612] usb usb2: SerialNumber: 0000:00:14.0
May 16 13:11:34 workstation kernel: [    1.107714] hub 2-0:1.0: USB hub found
May 16 13:11:34 workstation kernel: [    1.107725] hub 2-0:1.0: 4 ports detected
May 16 13:11:34 workstation kernel: [    1.108909] usb: port power management may be unreliable
May 16 13:11:34 workstation kernel: [    1.109435] i8042: PNP: PS/2 Controller [PNP0303:PS2K,PNP0f13:PS2M] at 0x60,0x64 irq 1,12
May 16 13:11:34 workstation kernel: [    1.124157] serio: i8042 KBD port at 0x60,0x64 irq 1
May 16 13:11:34 workstation kernel: [    1.124161] serio: i8042 AUX port at 0x60,0x64 irq 12
May 16 13:11:34 workstation kernel: [    1.124270] mousedev: PS/2 mouse device common for all mice
May 16 13:11:34 workstation kernel: [    1.124771] rtc_cmos 00:01: RTC can wake from S4
May 16 13:11:34 workstation kernel: [    1.124964] rtc_cmos 00:01: registered as rtc0
May 16 13:11:34 workstation kernel: [    1.124981] rtc_cmos 00:01: alarms up to one month, 242 bytes nvram
May 16 13:11:34 workstation kernel: [    1.124989] i2c /dev entries driver
May 16 13:11:34 workstation kernel: [    1.125035] device-mapper: uevent: version 1.0.3
May 16 13:11:34 workstation kernel: [    1.125091] device-mapper: ioctl: 4.41.0-ioctl (2019-09-16) initialised: dm-devel@redhat.com
May 16 13:11:34 workstation kernel: [    1.125114] platform eisa.0: Probing EISA bus 0
May 16 13:11:34 workstation kernel: [    1.125119] platform eisa.0: EISA: Cannot allocate resource for mainboard
May 16 13:11:34 workstation kernel: [    1.125121] platform eisa.0: Cannot allocate resource for EISA slot 1
May 16 13:11:34 workstation kernel: [    1.125122] platform eisa.0: Cannot allocate resource for EISA slot 2
May 16 13:11:34 workstation kernel: [    1.125123] platform eisa.0: Cannot allocate resource for EISA slot 3
May 16 13:11:34 workstation kernel: [    1.125124] platform eisa.0: Cannot allocate resource for EISA slot 4
May 16 13:11:34 workstation kernel: [    1.125125] platform eisa.0: Cannot allocate resource for EISA slot 5
May 16 13:11:34 workstation kernel: [    1.125126] platform eisa.0: Cannot allocate resource for EISA slot 6
May 16 13:11:34 workstation kernel: [    1.125127] platform eisa.0: Cannot allocate resource for EISA slot 7
May 16 13:11:34 workstation kernel: [    1.125128] platform eisa.0: Cannot allocate resource for EISA slot 8
May 16 13:11:34 workstation kernel: [    1.125129] platform eisa.0: EISA: Detected 0 cards
May 16 13:11:34 workstation kernel: [    1.125138] intel_pstate: Intel P-state driver initializing
May 16 13:11:34 workstation kernel: [    1.125333] ledtrig-cpu: registered to indicate activity on CPUs
May 16 13:11:34 workstation kernel: [    1.125520] drop_monitor: Initializing network drop monitor service
May 16 13:11:34 workstation kernel: [    1.125714] NET: Registered protocol family 10
May 16 13:11:34 workstation kernel: [    1.130470] Segment Routing with IPv6
May 16 13:11:34 workstation kernel: [    1.130503] NET: Registered protocol family 17
May 16 13:11:34 workstation kernel: [    1.130540] Key type dns_resolver registered
May 16 13:11:34 workstation kernel: [    1.130798] RAS: Correctable Errors collector initialized.
May 16 13:11:34 workstation kernel: [    1.130833] microcode: sig=0x306d4, pf=0x40, revision=0x2f
May 16 13:11:34 workstation kernel: [    1.130893] microcode: Microcode Update Driver: v2.2.
May 16 13:11:34 workstation kernel: [    1.130899] IPI shorthand broadcast: enabled
May 16 13:11:34 workstation kernel: [    1.130914] sched_clock: Marking stable (1129387665, 1500011)->(1139425333, -8537657)
May 16 13:11:34 workstation kernel: [    1.131006] registered taskstats version 1
May 16 13:11:34 workstation kernel: [    1.131015] Loading compiled-in X.509 certificates
May 16 13:11:34 workstation kernel: [    1.131976] Loaded X.509 cert 'Build time autogenerated kernel key: 1b6f3dadb8f129606217e3a0685f6c1e8ea0c66e'
May 16 13:11:34 workstation kernel: [    1.132864] Loaded X.509 cert 'Canonical Ltd. Live Patch Signing: 14df34d1a87cf37625abec039ef2bf521249b969'
May 16 13:11:34 workstation kernel: [    1.134036] Loaded X.509 cert 'Canonical Ltd. Kernel Module Signing: 88f752e560a1e0737e31163a466ad7b70a850c19'
May 16 13:11:34 workstation kernel: [    1.134038] blacklist: Loading compiled-in revocation X.509 certificates
May 16 13:11:34 workstation kernel: [    1.134068] Loaded X.509 cert 'Canonical Ltd. Secure Boot Signing: 61482aa2830d0ab2ad5af10b7250da9033ddcef0'
May 16 13:11:34 workstation kernel: [    1.134100] Loaded X.509 cert 'Canonical Ltd. Secure Boot Signing (2017): 242ade75ac4a15e50d50c84b0d45ff3eae707a03'
May 16 13:11:34 workstation kernel: [    1.134126] Loaded X.509 cert 'Canonical Ltd. Secure Boot Signing (ESM 2018): 365188c1d374d6b07c3c8f240f8ef722433d6a8b'
May 16 13:11:34 workstation kernel: [    1.134154] Loaded X.509 cert 'Canonical Ltd. Secure Boot Signing (2019): c0746fd6c5da3ae827864651ad66ae47fe24b3e8'
May 16 13:11:34 workstation kernel: [    1.134180] Loaded X.509 cert 'Canonical Ltd. Secure Boot Signing (2021 v1): a8d54bbb3825cfb94fa13c9f8a594a195c107b8d'
May 16 13:11:34 workstation kernel: [    1.134206] Loaded X.509 cert 'Canonical Ltd. Secure Boot Signing (2021 v2): 4cf046892d6fd3c9a5b03f98d845f90851dc6a8c'
May 16 13:11:34 workstation kernel: [    1.134233] Loaded X.509 cert 'Canonical Ltd. Secure Boot Signing (2021 v3): 100437bb6de6e469b581e61cd66bce3ef4ed53af'
May 16 13:11:34 workstation kernel: [    1.134258] Loaded X.509 cert 'Canonical Ltd. Secure Boot Signing (Ubuntu Core 2019): c1d57b8f6b743f23ee41f4f7ee292f06eecadfb9'
May 16 13:11:34 workstation kernel: [    1.134296] zswap: loaded using pool lzo/zbud
May 16 13:11:34 workstation kernel: [    1.134659] Key type ._fscrypt registered
May 16 13:11:34 workstation kernel: [    1.134660] Key type .fscrypt registered
May 16 13:11:34 workstation kernel: [    1.139415] Key type big_key registered
May 16 13:11:34 workstation kernel: [    1.142332] Key type encrypted registered
May 16 13:11:34 workstation kernel: [    1.142337] AppArmor: AppArmor sha1 policy hashing enabled
May 16 13:11:34 workstation kernel: [    1.142346] ima: No TPM chip found, activating TPM-bypass!
May 16 13:11:34 workstation kernel: [    1.142351] ima: Allocated hash algorithm: sha1
May 16 13:11:34 workstation kernel: [    1.142356] ima: No architecture policies found
May 16 13:11:34 workstation kernel: [    1.142370] evm: Initialising EVM extended attributes:
May 16 13:11:34 workstation kernel: [    1.142370] evm: security.selinux
May 16 13:11:34 workstation kernel: [    1.142371] evm: security.SMACK64
May 16 13:11:34 workstation kernel: [    1.142371] evm: security.SMACK64EXEC
May 16 13:11:34 workstation kernel: [    1.142372] evm: security.SMACK64TRANSMUTE
May 16 13:11:34 workstation kernel: [    1.142372] evm: security.SMACK64MMAP
May 16 13:11:34 workstation kernel: [    1.142373] evm: security.apparmor
May 16 13:11:34 workstation kernel: [    1.142373] evm: security.ima
May 16 13:11:34 workstation kernel: [    1.142374] evm: security.capability
May 16 13:11:34 workstation kernel: [    1.142374] evm: HMAC attrs: 0x1
May 16 13:11:34 workstation kernel: [    1.142693] ACPI BIOS Error (bug): Could not resolve symbol [\_SB.PCI0.GFX0._DSM.ECR1], AE_NOT_FOUND (20190816/psargs-330)
May 16 13:11:34 workstation kernel: [    1.142705] No Local Variables are initialized for Method [_DSM]
May 16 13:11:34 workstation kernel: [    1.142706] Initialized Arguments for Method [_DSM]:  (4 arguments defined for method invocation)
May 16 13:11:34 workstation kernel: [    1.142707]   Arg0:   00000000571eae23 <Obj>           Buffer(16) D0 37 C9 E5 53 35 7A 4D
May 16 13:11:34 workstation kernel: [    1.142715]   Arg1:   0000000012ae3e8b <Obj>           Integer 0000000000000002
May 16 13:11:34 workstation kernel: [    1.142719]   Arg2:   00000000243d27b5 <Obj>           Integer 0000000000000000
May 16 13:11:34 workstation kernel: [    1.142721]   Arg3:   00000000556d4be9 <Obj>           Package 00000000556d4be9
May 16 13:11:34 workstation kernel: [    1.142726] ACPI Error: Aborting method \_SB.PCI0.GFX0._DSM due to previous error (AE_NOT_FOUND) (20190816/psparse-531)
May 16 13:11:34 workstation kernel: [    1.143060] PM:   Magic number: 8:70:673
May 16 13:11:34 workstation kernel: [    1.143170] rtc_cmos 00:01: setting system clock to 2024-05-16T07:40:56 UTC (1715845256)
May 16 13:11:34 workstation kernel: [    1.144445] Freeing unused decrypted memory: 2040K
May 16 13:11:34 workstation kernel: [    1.145008] Freeing unused kernel image memory: 2748K
May 16 13:11:34 workstation kernel: [    1.165212] Write protecting the kernel read-only data: 26624k
May 16 13:11:34 workstation kernel: [    1.165765] Freeing unused kernel image memory: 2036K
May 16 13:11:34 workstation kernel: [    1.165935] Freeing unused kernel image memory: 768K
May 16 13:11:34 workstation kernel: [    1.178184] x86/mm: Checked W+X mappings: passed, no W+X pages found.
May 16 13:11:34 workstation kernel: [    1.178186] x86/mm: Checking user space page tables
May 16 13:11:34 workstation kernel: [    1.190106] x86/mm: Checked W+X mappings: passed, no W+X pages found.
May 16 13:11:34 workstation kernel: [    1.190108] Run /init as init process
May 16 13:11:34 workstation kernel: [    1.337146] ahci 0000:00:1f.2: version 3.0
May 16 13:11:34 workstation kernel: [    1.339075] r8169 0000:02:00.0: can't disable ASPM; OS doesn't have ASPM control
May 16 13:11:34 workstation kernel: [    1.347534] ahci 0000:00:1f.2: AHCI 0001.0300 32 slots 4 ports 6 Gbps 0x1 impl SATA mode
May 16 13:11:34 workstation kernel: [    1.347539] ahci 0000:00:1f.2: flags: 64bit ncq pm led clo only pio slum part deso sadm sds apst 
May 16 13:11:34 workstation kernel: [    1.351578] scsi host0: ahci
May 16 13:11:34 workstation kernel: [    1.351861] scsi host1: ahci
May 16 13:11:34 workstation kernel: [    1.352197] scsi host2: ahci
May 16 13:11:34 workstation kernel: [    1.352358] scsi host3: ahci
May 16 13:11:34 workstation kernel: [    1.352445] ata1: SATA max UDMA/133 abar m2048@0xc1218000 port 0xc1218100 irq 46
May 16 13:11:34 workstation kernel: [    1.352446] ata2: DUMMY
May 16 13:11:34 workstation kernel: [    1.352447] ata3: DUMMY
May 16 13:11:34 workstation kernel: [    1.352448] ata4: DUMMY
May 16 13:11:34 workstation kernel: [    1.354707] r8169 0000:02:00.0 eth0: RTL8168gu/8111gu, 50:7b:9d:00:74:b8, XID 509, IRQ 47
May 16 13:11:34 workstation kernel: [    1.354709] r8169 0000:02:00.0 eth0: jumbo features [frames: 9200 bytes, tx checksumming: ko]
May 16 13:11:34 workstation kernel: [    1.360855] usb 1-1: new full-speed USB device number 2 using xhci_hcd
May 16 13:11:34 workstation kernel: [    1.488979] usb 1-1: device descriptor read/64, error -71
May 16 13:11:34 workstation kernel: [    1.667947] ata1: SATA link up 6.0 Gbps (SStatus 133 SControl 300)
May 16 13:11:34 workstation kernel: [    1.674054] ata1.00: LPM support broken, forcing max_power
May 16 13:11:34 workstation kernel: [    1.674181] ata1.00: ATA-8: ST1000LM024 HN-M101MBB, 2BA30001, max UDMA/100
May 16 13:11:34 workstation kernel: [    1.674183] ata1.00: 1953525168 sectors, multi 0: LBA48 NCQ (depth 32)
May 16 13:11:34 workstation kernel: [    1.680375] ata1.00: LPM support broken, forcing max_power
May 16 13:11:34 workstation kernel: [    1.680504] ata1.00: configured for UDMA/100
May 16 13:11:34 workstation kernel: [    1.690920] scsi 0:0:0:0: Direct-Access     ATA      ST1000LM024 HN-M 0001 PQ: 0 ANSI: 5
May 16 13:11:34 workstation kernel: [    1.691282] sd 0:0:0:0: Attached scsi generic sg0 type 0
May 16 13:11:34 workstation kernel: [    1.691309] sd 0:0:0:0: [sda] 1953525168 512-byte logical blocks: (1.00 TB/932 GiB)
May 16 13:11:34 workstation kernel: [    1.691312] sd 0:0:0:0: [sda] 4096-byte physical blocks
May 16 13:11:34 workstation kernel: [    1.691320] sd 0:0:0:0: [sda] Write Protect is off
May 16 13:11:34 workstation kernel: [    1.691321] sd 0:0:0:0: [sda] Mode Sense: 00 3a 00 00
May 16 13:11:34 workstation kernel: [    1.691336] sd 0:0:0:0: [sda] Write cache: enabled, read cache: enabled, doesn't support DPO or FUA
May 16 13:11:34 workstation kernel: [    1.724987] usb 1-1: device descriptor read/64, error -71
May 16 13:11:34 workstation kernel: [    1.761188]  sda: sda1 sda3 sda4 < sda5 sda6 >
May 16 13:11:34 workstation kernel: [    1.777634] sd 0:0:0:0: [sda] Attached SCSI disk
May 16 13:11:34 workstation kernel: [    1.780445] r8169 0000:02:00.0 enp2s0: renamed from eth0
May 16 13:11:34 workstation kernel: [    1.960885] usb 1-1: new full-speed USB device number 3 using xhci_hcd
May 16 13:11:34 workstation kernel: [    1.972871] tsc: Refined TSC clocksource calibration: 2095.149 MHz
May 16 13:11:34 workstation kernel: [    1.972879] clocksource: tsc: mask: 0xffffffffffffffff max_cycles: 0x1e3349f83e9, max_idle_ns: 440795233330 ns
May 16 13:11:34 workstation kernel: [    1.972894] clocksource: Switched to clocksource tsc
May 16 13:11:34 workstation kernel: [    1.996680] psmouse serio1: elantech: assuming hardware version 4 (with firmware version 0x594f03)
May 16 13:11:34 workstation kernel: [    2.014122] psmouse serio1: elantech: Synaptics capabilities query result 0x70, 0x15, 0x0a.
May 16 13:11:34 workstation kernel: [    2.031226] psmouse serio1: elantech: Elan sample query result 05, 20, 97
May 16 13:11:34 workstation kernel: [    2.088909] usb 1-1: device descriptor read/64, error -71
May 16 13:11:34 workstation kernel: [    2.125614] input: ETPS/2 Elantech Touchpad as /devices/platform/i8042/serio1/input/input37
May 16 13:11:34 workstation kernel: [    2.145330] input: AT Translated Set 2 keyboard as /devices/platform/i8042/serio0/input/input38
May 16 13:11:34 workstation kernel: [    2.324981] usb 1-1: device descriptor read/64, error -71
May 16 13:11:34 workstation kernel: [    2.433005] usb usb1-port1: attempt power cycle
May 16 13:11:34 workstation kernel: [    2.769557] fbcon: Taking over console
May 16 13:11:34 workstation kernel: [    2.769646] Console: switching to colour frame buffer device 170x48
May 16 13:11:34 workstation kernel: [    2.844885] usb 1-1: new full-speed USB device number 4 using xhci_hcd
May 16 13:11:34 workstation kernel: [    2.845162] usb 1-1: Device not responding to setup address.
May 16 13:11:34 workstation kernel: [    3.053154] usb 1-1: Device not responding to setup address.
May 16 13:11:34 workstation kernel: [    3.260884] usb 1-1: device not accepting address 4, error -71
May 16 13:11:34 workstation kernel: [    3.388885] usb 1-1: new full-speed USB device number 5 using xhci_hcd
May 16 13:11:34 workstation kernel: [    3.389162] usb 1-1: Device not responding to setup address.
May 16 13:11:34 workstation kernel: [    3.597156] usb 1-1: Device not responding to setup address.
May 16 13:11:34 workstation kernel: [    3.804883] usb 1-1: device not accepting address 5, error -71
May 16 13:11:34 workstation kernel: [    3.805021] usb usb1-port1: unable to enumerate USB device
May 16 13:11:34 workstation kernel: [    3.932885] usb 1-3: new low-speed USB device number 6 using xhci_hcd
May 16 13:11:34 workstation kernel: [    4.084611] usb 1-3: New USB device found, idVendor=046d, idProduct=c077, bcdDevice=72.00
May 16 13:11:34 workstation kernel: [    4.084613] usb 1-3: New USB device strings: Mfr=1, Product=2, SerialNumber=0
May 16 13:11:34 workstation kernel: [    4.084614] usb 1-3: Product: USB Optical Mouse
May 16 13:11:34 workstation kernel: [    4.084616] usb 1-3: Manufacturer: Logitech
May 16 13:11:34 workstation kernel: [    4.212886] usb 1-4: new high-speed USB device number 7 using xhci_hcd
May 16 13:11:34 workstation kernel: [    4.361396] usb 1-4: New USB device found, idVendor=0bda, idProduct=0129, bcdDevice=39.60
May 16 13:11:34 workstation kernel: [    4.361398] usb 1-4: New USB device strings: Mfr=1, Product=2, SerialNumber=3
May 16 13:11:34 workstation kernel: [    4.361399] usb 1-4: Product: USB2.0-CRW
May 16 13:11:34 workstation kernel: [    4.361400] usb 1-4: Manufacturer: Generic
May 16 13:11:34 workstation kernel: [    4.361401] usb 1-4: SerialNumber: 20100201396000000
May 16 13:11:34 workstation kernel: [    4.488884] usb 1-6: new high-speed USB device number 8 using xhci_hcd
May 16 13:11:34 workstation kernel: [    4.654232] usb 1-6: New USB device found, idVendor=13d3, idProduct=5727, bcdDevice= 1.22
May 16 13:11:34 workstation kernel: [    4.654235] usb 1-6: New USB device strings: Mfr=3, Product=1, SerialNumber=2
May 16 13:11:34 workstation kernel: [    4.654236] usb 1-6: Product: Lenovo EasyCamera
May 16 13:11:34 workstation kernel: [    4.654237] usb 1-6: Manufacturer: Azurewave
May 16 13:11:34 workstation kernel: [    4.654238] usb 1-6: SerialNumber: NULL
May 16 13:11:34 workstation kernel: [    4.780884] usb 1-7: new full-speed USB device number 9 using xhci_hcd
May 16 13:11:34 workstation kernel: [    4.930256] usb 1-7: New USB device found, idVendor=8087, idProduct=07dc, bcdDevice= 0.01
May 16 13:11:34 workstation kernel: [    4.930258] usb 1-7: New USB device strings: Mfr=0, Product=0, SerialNumber=0
May 16 13:11:34 workstation kernel: [    4.938332] usbcore: registered new interface driver rtsx_usb
May 16 13:11:34 workstation kernel: [    4.938422] hidraw: raw HID events driver (C) Jiri Kosina
May 16 13:11:34 workstation kernel: [    4.943006] usbcore: registered new interface driver usbhid
May 16 13:11:34 workstation kernel: [    4.943007] usbhid: USB HID core driver
May 16 13:11:34 workstation kernel: [    4.945988] input: Logitech USB Optical Mouse as /devices/pci0000:00/0000:00:14.0/usb1/1-3/1-3:1.0/0003:046D:C077.0001/input/input39
May 16 13:11:34 workstation kernel: [    4.946103] hid-generic 0003:046D:C077.0001: input,hidraw0: USB HID v1.11 Mouse [Logitech USB Optical Mouse] on usb-0000:00:14.0-3/input0
May 16 13:11:34 workstation kernel: [    5.080067] EXT4-fs (sda1): mounted filesystem with ordered data mode. Opts: (null)
May 16 13:11:34 workstation kernel: [    9.391698] EXT4-fs (sda1): re-mounted. Opts: errors=remount-ro
May 16 13:11:34 workstation kernel: [    9.610789] lp: driver loaded but no devices found
May 16 13:11:34 workstation kernel: [    9.683784] ppdev: user-space parallel port driver
May 16 13:11:34 workstation kernel: [   16.242233] ACPI: watchdog: Skipping WDAT on this system because it uses RTC SRAM
May 16 13:11:34 workstation kernel: [   16.475655] input: Ideapad extra buttons as /devices/pci0000:00/0000:00:1f.0/PNP0C09:00/VPC2004:00/input/input40
May 16 13:11:34 workstation kernel: [   16.520119] cfg80211: Loading compiled-in X.509 certificates for regulatory database
May 16 13:11:34 workstation kernel: [   16.520557] cfg80211: Loaded X.509 cert 'sforshee: 00b28ddf47aef9cea7'
May 16 13:11:34 workstation kernel: [   16.997326] Intel(R) Wireless WiFi driver for Linux
May 16 13:11:34 workstation kernel: [   16.997327] Copyright(c) 2003- 2015 Intel Corporation
May 16 13:11:34 workstation kernel: [   17.016364] Bluetooth: Core ver 2.22
May 16 13:11:34 workstation kernel: [   17.016385] NET: Registered protocol family 31
May 16 13:11:34 workstation kernel: [   17.016386] Bluetooth: HCI device and connection manager initialized
May 16 13:11:34 workstation kernel: [   17.016389] Bluetooth: HCI socket layer initialized
May 16 13:11:34 workstation kernel: [   17.016391] Bluetooth: L2CAP socket layer initialized
May 16 13:11:34 workstation kernel: [   17.016394] Bluetooth: SCO socket layer initialized
May 16 13:11:34 workstation kernel: [   17.032598] iwlwifi 0000:03:00.0: loaded firmware version 17.948900127.0 op_mode iwlmvm
May 16 13:11:34 workstation kernel: [   17.254527] RAPL PMU: API unit is 2^-32 Joules, 4 fixed counters, 655360 ms ovfl timer
May 16 13:11:34 workstation kernel: [   17.254528] RAPL PMU: hw unit of domain pp0-core 2^-14 Joules
May 16 13:11:34 workstation kernel: [   17.254529] RAPL PMU: hw unit of domain package 2^-14 Joules
May 16 13:11:34 workstation kernel: [   17.254530] RAPL PMU: hw unit of domain dram 2^-14 Joules
May 16 13:11:34 workstation kernel: [   17.254530] RAPL PMU: hw unit of domain pp1-gpu 2^-14 Joules
May 16 13:11:34 workstation kernel: [   17.299413] usbcore: registered new interface driver btusb
May 16 13:11:34 workstation kernel: [   17.313034] Bluetooth: hci0: read Intel version: 3707100100012d0d27
May 16 13:11:34 workstation kernel: [   17.313035] Bluetooth: hci0: Intel device is already patched. patch num: 27
May 16 13:11:34 workstation kernel: [   17.690945] checking generic (b0000000 410000) vs hw (b0000000 10000000)
May 16 13:11:34 workstation kernel: [   17.690947] fb0: switching to inteldrmfb from VESA VGA
May 16 13:11:34 workstation kernel: [   17.691030] Console: switching to colour dummy device 80x25
May 16 13:11:34 workstation kernel: [   17.691071] i915 0000:00:02.0: vgaarb: deactivate vga console
May 16 13:11:34 workstation kernel: [   17.692027] [drm] Supports vblank timestamp caching Rev 2 (21.10.2013).
May 16 13:11:34 workstation kernel: [   17.692029] [drm] Driver supports precise vblank timestamp query.
May 16 13:11:34 workstation kernel: [   17.692442] ACPI BIOS Error (bug): Could not resolve symbol [\_SB.PCI0.GFX0._DSM.ECR1], AE_NOT_FOUND (20190816/psargs-330)
May 16 13:11:34 workstation kernel: [   17.692458] No Local Variables are initialized for Method [_DSM]
May 16 13:11:34 workstation kernel: [   17.692461] Initialized Arguments for Method [_DSM]:  (4 arguments defined for method invocation)
May 16 13:11:34 workstation kernel: [   17.692462]   Arg0:   0000000075739c23 <Obj>           Buffer(16) D3 73 D8 7E D0 C2 4F 4E
May 16 13:11:34 workstation kernel: [   17.692476]   Arg1:   00000000a6ba1fc9 <Obj>           Integer 0000000000000001
May 16 13:11:34 workstation kernel: [   17.692482]   Arg2:   0000000069b899d1 <Obj>           Integer 0000000000000000
May 16 13:11:34 workstation kernel: [   17.692487]   Arg3:   00000000480bb4d0 <Obj>           Package 00000000480bb4d0
May 16 13:11:34 workstation kernel: [   17.692495] ACPI Error: Aborting method \_SB.PCI0.GFX0._DSM due to previous error (AE_NOT_FOUND) (20190816/psparse-531)
May 16 13:11:34 workstation kernel: [   17.692524] i915 0000:00:02.0: vgaarb: changed VGA decodes: olddecodes=io+mem,decodes=io+mem:owns=io+mem
May 16 13:11:34 workstation kernel: [   17.708019] [drm] Initialized i915 1.6.0 20190822 for 0000:00:02.0 on minor 0
May 16 13:11:34 workstation kernel: [   17.710746] ACPI: Video Device [GFX0] (multi-head: yes  rom: no  post: no)
May 16 13:11:34 workstation kernel: [   17.711022] input: Video Bus as /devices/LNXSYSTM:00/LNXSYBUS:00/PNP0A08:00/LNXVIDEO:00/input/input41
May 16 13:11:34 workstation kernel: [   17.714418] fbcon: i915drmfb (fb0) is primary device
May 16 13:11:34 workstation kernel: [   17.714467] Console: switching to colour frame buffer device 170x48
May 16 13:11:34 workstation kernel: [   17.714489] i915 0000:00:02.0: fb0: i915drmfb frame buffer device
May 16 13:11:34 workstation kernel: [   17.739776] iwlwifi 0000:03:00.0: Detected Intel(R) Dual Band Wireless AC 3160, REV=0x164
May 16 13:11:34 workstation kernel: [   17.762546] iwlwifi 0000:03:00.0: base HW address: e4:f8:9c:6b:17:73
May 16 13:11:34 workstation kernel: [   17.865777] ieee80211 phy0: Selected rate control algorithm 'iwl-mvm-rs'
May 16 13:11:34 workstation kernel: [   18.866881] snd_hda_intel 0000:00:03.0: bound 0000:00:02.0 (ops i915_audio_component_bind_ops [i915])
May 16 13:11:34 workstation kernel: [   19.010132] input: HDA Intel HDMI HDMI/DP,pcm=3 as /devices/pci0000:00/0000:00:03.0/sound/card0/input42
May 16 13:11:34 workstation kernel: [   19.010212] input: HDA Intel HDMI HDMI/DP,pcm=7 as /devices/pci0000:00/0000:00:03.0/sound/card0/input43
May 16 13:11:34 workstation kernel: [   19.010288] input: HDA Intel HDMI HDMI/DP,pcm=8 as /devices/pci0000:00/0000:00:03.0/sound/card0/input44
May 16 13:11:34 workstation kernel: [   19.010361] input: HDA Intel HDMI HDMI/DP,pcm=9 as /devices/pci0000:00/0000:00:03.0/sound/card0/input45
May 16 13:11:34 workstation kernel: [   19.010436] input: HDA Intel HDMI HDMI/DP,pcm=10 as /devices/pci0000:00/0000:00:03.0/sound/card0/input46
May 16 13:11:34 workstation kernel: [   19.074262] cryptd: max_cpu_qlen set to 1000
May 16 13:11:34 workstation kernel: [   19.105922] snd_hda_codec_conexant hdaudioC1D0: CX20751/2: BIOS auto-probing.
May 16 13:11:34 workstation kernel: [   19.106228] snd_hda_codec_conexant hdaudioC1D0: autoconfig for CX20751/2: line_outs=1 (0x17/0x0/0x0/0x0/0x0) type:speaker
May 16 13:11:34 workstation kernel: [   19.106230] snd_hda_codec_conexant hdaudioC1D0:    speaker_outs=0 (0x0/0x0/0x0/0x0/0x0)
May 16 13:11:34 workstation kernel: [   19.106231] snd_hda_codec_conexant hdaudioC1D0:    hp_outs=1 (0x16/0x0/0x0/0x0/0x0)
May 16 13:11:34 workstation kernel: [   19.106232] snd_hda_codec_conexant hdaudioC1D0:    mono: mono_out=0x0
May 16 13:11:34 workstation kernel: [   19.106233] snd_hda_codec_conexant hdaudioC1D0:    inputs:
May 16 13:11:34 workstation kernel: [   19.106234] snd_hda_codec_conexant hdaudioC1D0:      Internal Mic=0x1a
May 16 13:11:34 workstation kernel: [   19.106235] snd_hda_codec_conexant hdaudioC1D0:      Mic=0x19
May 16 13:11:34 workstation kernel: [   19.109269] input: HDA Intel PCH Mic as /devices/pci0000:00/0000:00:1b.0/sound/card1/input47
May 16 13:11:34 workstation kernel: [   19.109349] input: HDA Intel PCH Headphone as /devices/pci0000:00/0000:00:1b.0/sound/card1/input48
May 16 13:11:34 workstation kernel: [   19.397435] mc: Linux media interface: v0.10
May 16 13:11:34 workstation kernel: [   19.840664] videodev: Linux video capture interface: v2.00
May 16 13:11:34 workstation kernel: [   19.853663] AVX2 version of gcm_enc/dec engaged.
May 16 13:11:34 workstation kernel: [   19.853665] AES CTR mode by8 optimization enabled
May 16 13:11:34 workstation kernel: [   20.806225] uvcvideo: Found UVC 1.00 device Lenovo EasyCamera (13d3:5727)
May 16 13:11:34 workstation kernel: [   20.806418] uvcvideo: Failed to query (GET_INFO) UVC control 8 on unit 1: -32 (exp. 1).
May 16 13:11:34 workstation kernel: [   20.813663] input: Lenovo EasyCamera: Lenovo EasyC as /devices/pci0000:00/0000:00:14.0/usb1/1-6/1-6:1.0/input/input49
May 16 13:11:34 workstation kernel: [   20.813735] usbcore: registered new interface driver uvcvideo
May 16 13:11:34 workstation kernel: [   20.813736] USB Video Class driver (1.1.1)
May 16 13:11:34 workstation kernel: [   21.279504] iwlwifi 0000:03:00.0 wlp3s0: renamed from wlan0
May 16 13:11:34 workstation kernel: [   21.442181] intel_rapl_common: Found RAPL domain package
May 16 13:11:34 workstation kernel: [   21.442184] intel_rapl_common: Found RAPL domain core
May 16 13:11:34 workstation kernel: [   21.442186] intel_rapl_common: Found RAPL domain uncore
May 16 13:11:34 workstation kernel: [   21.442188] intel_rapl_common: Found RAPL domain dram
May 16 13:11:34 workstation kernel: [   21.442192] intel_rapl_common: RAPL package-0 domain package locked by BIOS
May 16 13:11:34 workstation kernel: [   21.442199] intel_rapl_common: RAPL package-0 domain dram locked by BIOS
May 16 13:11:34 workstation kernel: [   27.252856] Adding 3905532k swap on /dev/sda5.  Priority:-2 extents:1 across:3905532k FS
May 16 13:11:34 workstation kernel: [   28.069717] EXT4-fs (sda3): mounted filesystem with ordered data mode. Opts: (null)
May 16 13:11:34 workstation kernel: [   29.789360] audit: type=1400 audit(1715845285.141:2): apparmor="STATUS" operation="profile_load" profile="unconfined" name="/usr/bin/man" pid=712 comm="apparmor_parser"
May 16 13:11:34 workstation kernel: [   29.789363] audit: type=1400 audit(1715845285.141:3): apparmor="STATUS" operation="profile_load" profile="unconfined" name="man_filter" pid=712 comm="apparmor_parser"
May 16 13:11:34 workstation kernel: [   29.789366] audit: type=1400 audit(1715845285.141:4): apparmor="STATUS" operation="profile_load" profile="unconfined" name="man_groff" pid=712 comm="apparmor_parser"
May 16 13:11:34 workstation kernel: [   29.811590] audit: type=1400 audit(1715845285.161:5): apparmor="STATUS" operation="profile_load" profile="unconfined" name="libreoffice-senddoc" pid=714 comm="apparmor_parser"
May 16 13:11:34 workstation kernel: [   29.822741] audit: type=1400 audit(1715845285.173:6): apparmor="STATUS" operation="profile_load" profile="unconfined" name="libreoffice-oopslash" pid=713 comm="apparmor_parser"
May 16 13:11:34 workstation kernel: [   29.855481] audit: type=1400 audit(1715845285.205:7): apparmor="STATUS" operation="profile_load" profile="unconfined" name="libreoffice-xpdfimport" pid=716 comm="apparmor_parser"
May 16 13:11:34 workstation kernel: [   29.856688] audit: type=1400 audit(1715845285.205:8): apparmor="STATUS" operation="profile_load" profile="unconfined" name="/sbin/dhclient" pid=709 comm="apparmor_parser"
May 16 13:11:34 workstation kernel: [   29.856691] audit: type=1400 audit(1715845285.205:9): apparmor="STATUS" operation="profile_load" profile="unconfined" name="/usr/lib/NetworkManager/nm-dhcp-client.action" pid=709 comm="apparmor_parser"
May 16 13:11:34 workstation kernel: [   29.856694] audit: type=1400 audit(1715845285.205:10): apparmor="STATUS" operation="profile_load" profile="unconfined" name="/usr/lib/NetworkManager/nm-dhcp-helper" pid=709 comm="apparmor_parser"
May 16 13:11:34 workstation kernel: [   29.856696] audit: type=1400 audit(1715845285.205:11): apparmor="STATUS" operation="profile_load" profile="unconfined" name="/usr/lib/connman/scripts/dhclient-script" pid=709 comm="apparmor_parser"
May 16 13:11:34 workstation kernel: [   38.475082] kauditd_printk_skb: 15 callbacks suppressed
May 16 13:11:34 workstation kernel: [   38.475084] audit: type=1400 audit(1715845293.825:27): apparmor="STATUS" operation="profile_load" profile="unconfined" name="/snap/snapd/19457/usr/lib/snapd/snap-confine" pid=770 comm="apparmor_parser"
May 16 13:11:34 workstation kernel: [   38.475091] audit: type=1400 audit(1715845293.825:28): apparmor="STATUS" operation="profile_load" profile="unconfined" name="/snap/snapd/19457/usr/lib/snapd/snap-confine//mount-namespace-capture-helper" pid=770 comm="apparmor_parser"
